Component: ARM Compiler 5.06 update 5 (build 528) Tool: armlink [4d35e2]

==============================================================================

Section Cross References

    startup_VE_A9_MP.o(RESET) refers to startup_VE_A9_MP.o(.text) for Reset_Handler
    startup_VE_A9_MP.o(RESET) refers to HAL_CA9.o(.emb_text) for SVC_Handler
    startup_VE_A9_MP.o(.text) refers to mmu_VE_A9_MP.o(.text) for create_translation_table
    startup_VE_A9_MP.o(.text) refers to system_VE_A9_MP.o(.text) for CUndefHandler
    startup_VE_A9_MP.o(.text) refers to startup_VE_A9_MP.o(RESET) for __Vectors
    startup_VE_A9_MP.o(.text) refers to startup_VE_A9_MP.o(STACK) for Stack_Top
    startup_VE_A9_MP.o(.text) refers to entry.o(.ARM.Collect$$$$00000000) for __main
    startup_VE_A9_MP.o(.text) refers to HAL_CA.o(.data) for IRQNestLevel
    startup_VE_A9_MP.o(.text) refers to HAL_CA9.o(.data) for seen_id0_active
    startup_VE_A9_MP.o(.text) refers to system_VE_A9_MP.o(.data) for IRQCount
    startup_VE_A9_MP.o(.text) refers to system_VE_A9_MP.o(.bss) for IRQTable
    NEON.o(.text) refers to rt_Time.o(i.rt_time_get) for rt_time_get
    NEON.o(.text) refers to printf1.o(i.__0printf$1) for __2printf
    RTX_Conf_CM.o(.ARM.Collect$$$$000000FF) refers to rt_CMSIS.o(i.osKernelInitialize) for osKernelInitialize
    RTX_Conf_CM.o(.ARM.Collect$$$$000000FF) refers to rt_CMSIS.o(i.osThreadCreate) for osThreadCreate
    RTX_Conf_CM.o(.ARM.Collect$$$$000000FF) refers to rt_CMSIS.o(i.osKernelStart) for osKernelStart
    RTX_Conf_CM.o(.ARM.Collect$$$$000000FF) refers to RTX_Conf_CM.o(.constdata) for .constdata
    RTX_Conf_CM.o(.constdata) refers to system_VE_A9_MP.o(.text) for main
    RTX_Conf_CM.o(.constdata) refers to RTX_Conf_CM.o(.bss) for os_messageQ_q_osTimerMessageQ
    mmu_VE_A9_MP.o(.text) refers to mmu_VE_A9_MP.o(.data) for .data
    system_VE_A9_MP.o(.text) refers to system_VE_A9_MP.o(.text) for __enable_caches
    system_VE_A9_MP.o(.text) refers to gic.o(.text) for GIC_Enable
    system_VE_A9_MP.o(.text) refers to NEON.o(.text) for $Super$$main
    system_VE_A9_MP.o(.text) refers to system_VE_A9_MP.o(.emb_text) for FPUEnable
    system_VE_A9_MP.o(.text) refers to system_VE_A9_MP.o(.data) for .data
    system_VE_A9_MP.o(.text) refers to system_VE_A9_MP.o(.bss) for .bss
    system_VE_A9_MP.o(.text) refers to HAL_CA9.o(.emb_text) for PendSV_Handler
    HAL_CA9.o(.emb_text) refers to rt_MemBox.o(i.rt_alloc_box) for rt_alloc_box
    HAL_CA9.o(.emb_text) refers to rt_MemBox.o(i.rt_free_box) for rt_free_box
    HAL_CA9.o(.emb_text) refers to rt_System.o(i.rt_tsk_lock) for rt_tsk_lock
    HAL_CA9.o(.emb_text) refers to rt_System.o(i.rt_tsk_unlock) for rt_tsk_unlock
    HAL_CA9.o(.emb_text) refers to rt_System.o(i.rt_stk_check) for rt_stk_check
    HAL_CA9.o(.emb_text) refers to rt_Task.o(.data) for os_tsk
    HAL_CA9.o(.emb_text) refers to rt_System.o(.data) for scheduler_suspended
    HAL_CA9.o(.emb_text) refers to SVC_Table.o(SVC_TABLE) for SVC_Count
    HAL_CA9.o(.emb_text) refers to rt_System.o(i.rt_pop_req) for rt_pop_req
    HAL_CA9.o(.emb_text) refers to gic.o(.constdata) for GICInterface_BASE
    HAL_CA9.o(.emb_text) refers to HAL_CA9.o(.data) for seen_id0_active
    HAL_CA9.o(.emb_text) refers to HAL_CA.o(.data) for IRQNestLevel
    HAL_CA9.o(.emb_text) refers to RTX_Conf_CM.o(.text) for os_tick_irqack
    HAL_CA9.o(.emb_text) refers to rt_System.o(i.rt_systick) for rt_systick
    HAL_CA.o(i.rt_init_stack) refers to RTX_Conf_CM.o(.constdata) for os_stackinfo
    HAL_CA.o(i.rt_init_stack) refers to RTX_Conf_CM.o(.constdata) for os_flags
    HAL_CA.o(i.rt_ret_val) refers to HAL_CA.o(i.rt_ret_regs) for rt_ret_regs
    HAL_CA.o(i.rt_ret_val2) refers to HAL_CA.o(i.rt_ret_regs) for rt_ret_regs
    rt_CMSIS.o(i.__exceptional_mode) refers to rt_CMSIS.o(i.__get_mode) for __get_mode
    rt_CMSIS.o(i.__exceptional_mode) refers to HAL_CA.o(.data) for IRQNestLevel
    rt_CMSIS.o(i.isrMessageGet) refers to rt_Mailbox.o(i.isr_mbx_receive) for isr_mbx_receive
    rt_CMSIS.o(i.isrMessagePut) refers to rt_Mailbox.o(i.rt_mbx_check) for rt_mbx_check
    rt_CMSIS.o(i.isrMessagePut) refers to rt_Mailbox.o(i.isr_mbx_send) for isr_mbx_send
    rt_CMSIS.o(i.isrSemaphoreRelease) refers to rt_CMSIS.o(i.rt_id2obj) for rt_id2obj
    rt_CMSIS.o(i.isrSemaphoreRelease) refers to rt_Semaphore.o(i.isr_sem_send) for isr_sem_send
    rt_CMSIS.o(i.isrSignalSet) refers to rt_CMSIS.o(i.rt_tid2ptcb) for rt_tid2ptcb
    rt_CMSIS.o(i.isrSignalSet) refers to rt_Event.o(i.isr_evt_set) for isr_evt_set
    rt_CMSIS.o(i.osDelay) refers to rt_CMSIS.o(i.__exceptional_mode) for __exceptional_mode
    rt_CMSIS.o(i.osDelay) refers to rt_CMSIS.o(i.svcDelay) for svcDelay
    rt_CMSIS.o(i.osKernelInitialize) refers to rt_CMSIS.o(i.__exceptional_mode) for __exceptional_mode
    rt_CMSIS.o(i.osKernelInitialize) refers to rt_CMSIS.o(i.__get_mode) for __get_mode
    rt_CMSIS.o(i.osKernelInitialize) refers to rt_CMSIS.o(i.svcKernelInitialize) for svcKernelInitialize
[...]
    printf1.o(i._printf_core) refers to uidiv.o(.text) for __aeabi_uidivmod
    printf2.o(i.__0fprintf$2) refers to printf2.o(i._printf_core) for _printf_core
    printf2.o(i.__0fprintf$2) refers to fputc.o(i.fputc) for fputc
    printf2.o(i.__0printf$2) refers to printf2.o(i._printf_core) for _printf_core
    printf2.o(i.__0printf$2) refers to fputc.o(i.fputc) for fputc
    printf2.o(i.__0printf$2) refers to stdout.o(.data) for __stdout
    printf2.o(i.__0snprintf$2) refers to printf2.o(i._printf_core) for _printf_core
    printf2.o(i.__0snprintf$2) refers to printf2.o(i._snputc) for _snputc
    printf2.o(i.__0sprintf$2) refers to printf2.o(i._printf_core) for _printf_core
    printf2.o(i.__0sprintf$2) refers to printf2.o(i._sputc) for _sputc
    printf2.o(i.__0vfprintf$2) refers to printf2.o(i._printf_core) for _printf_core
    printf2.o(i.__0vfprintf$2) refers to fputc.o(i.fputc) for fputc
    printf2.o(i.__0vprintf$2) refers to printf2.o(i._printf_core) for _printf_core
    printf2.o(i.__0vprintf$2) refers to fputc.o(i.fputc) for fputc
    printf2.o(i.__0vprintf$2) refers to stdout.o(.data) for __stdout
    printf2.o(i.__0vsnprintf$2) refers to printf2.o(i._printf_core) for _printf_core
    printf2.o(i.__0vsnprintf$2) refers to printf2.o(i._snputc) for _snputc
    printf2.o(i.__0vsprintf$2) refers to printf2.o(i._printf_core) for _printf_core
    printf2.o(i.__0vsprintf$2) refers to printf2.o(i._sputc) for _sputc
    printf3.o(i.__0fprintf$3) refers to printf3.o(i._printf_core) for _printf_core
    printf3.o(i.__0fprintf$3) refers to fputc.o(i.fputc) for fputc
    printf3.o(i.__0printf$3) refers to printf3.o(i._printf_core) for _printf_core
    printf3.o(i.__0printf$3) refers to fputc.o(i.fputc) for fputc
    printf3.o(i.__0printf$3) refers to stdout.o(.data) for __stdout
    printf3.o(i.__0snprintf$3) refers to printf3.o(i._printf_core) for _printf_core
    printf3.o(i.__0snprintf$3) refers to printf3.o(i._snputc) for _snputc
    printf3.o(i.__0sprintf$3) refers to printf3.o(i._printf_core) for _printf_core
    printf3.o(i.__0sprintf$3) refers to printf3.o(i._sputc) for _sputc
    printf3.o(i.__0vfprintf$3) refers to printf3.o(i._printf_core) for _printf_core
    printf3.o(i.__0vfprintf$3) refers to fputc.o(i.fputc) for fputc
    printf3.o(i.__0vprintf$3) refers to printf3.o(i._printf_core) for _printf_core
    printf3.o(i.__0vprintf$3) refers to fputc.o(i.fputc) for fputc
    printf3.o(i.__0vprintf$3) refers to stdout.o(.data) for __stdout
    printf3.o(i.__0vsnprintf$3) refers to printf3.o(i._printf_core) for _printf_core
    printf3.o(i.__0vsnprintf$3) refers to printf3.o(i._snputc) for _snputc
    printf3.o(i.__0vsprintf$3) refers to printf3.o(i._printf_core) for _printf_core
    printf3.o(i.__0vsprintf$3) refers to printf3.o(i._sputc) for _sputc
    printf3.o(i._printf_core) refers to uidiv.o(.text) for __aeabi_uidivmod
    printf4.o(i.__0fprintf$4) refers to printf4.o(i._printf_core) for _printf_core
    printf4.o(i.__0fprintf$4) refers to fputc.o(i.fputc) for fputc
    printf4.o(i.__0printf$4) refers to printf4.o(i._printf_core) for _printf_core
    printf4.o(i.__0printf$4) refers to fputc.o(i.fputc) for fputc
    printf4.o(i.__0printf$4) refers to stdout.o(.data) for __stdout
    printf4.o(i.__0snprintf$4) refers to printf4.o(i._printf_core) for _printf_core
    printf4.o(i.__0snprintf$4) refers to printf4.o(i._snputc) for _snputc
    printf4.o(i.__0sprintf$4) refers to printf4.o(i._printf_core) for _printf_core
    printf4.o(i.__0sprintf$4) refers to printf4.o(i._sputc) for _sputc
    printf4.o(i.__0vfprintf$4) refers to printf4.o(i._printf_core) for _printf_core
    printf4.o(i.__0vfprintf$4) refers to fputc.o(i.fputc) for fputc
    printf4.o(i.__0vprintf$4) refers to printf4.o(i._printf_core) for _printf_core
    printf4.o(i.__0vprintf$4) refers to fputc.o(i.fputc) for fputc
    printf4.o(i.__0vprintf$4) refers to stdout.o(.data) for __stdout
    printf4.o(i.__0vsnprintf$4) refers to printf4.o(i._printf_core) for _printf_core
    printf4.o(i.__0vsnprintf$4) refers to printf4.o(i._snputc) for _snputc
    printf4.o(i.__0vsprintf$4) refers to printf4.o(i._printf_core) for _printf_core
    printf4.o(i.__0vsprintf$4) refers to printf4.o(i._sputc) for _sputc
    printf4.o(i._printf_core) refers to uldiv.o(.text) for __aeabi_uldivmod
    printf5.o(i.__0fprintf$5) refers to printf5.o(i._printf_core) for _printf_core
    printf5.o(i.__0fprintf$5) refers to fputc.o(i.fputc) for fputc
    printf5.o(i.__0printf$5) refers to printf5.o(i._printf_core) for _printf_core
    printf5.o(i.__0printf$5) refers to fputc.o(i.fputc) for fputc
    printf5.o(i.__0printf$5) refers to stdout.o(.data) for __stdout
    printf5.o(i.__0snprintf$5) refers to printf5.o(i._printf_core) for _printf_core
    printf5.o(i.__0snprintf$5) refers to printf5.o(i._snputc) for _snputc
    printf5.o(i.__0sprintf$5) refers to printf5.o(i._printf_core) for _printf_core
    printf5.o(i.__0sprintf$5) refers to printf5.o(i._sputc) for _sputc
    printf5.o(i.__0vfprintf$5) refers to printf5.o(i._printf_core) for _printf_core
    printf5.o(i.__0vfprintf$5) refers to fputc.o(i.fputc) for fputc
    printf5.o(i.__0vprintf$5) refers to printf5.o(i._printf_core) for _printf_core
    printf5.o(i.__0vprintf$5) refers to fputc.o(i.fputc) for fputc
    printf5.o(i.__0vprintf$5) refers to stdout.o(.data) for __stdout
    printf5.o(i.__0vsnprintf$5) refers to printf5.o(i._printf_core) for _printf_core
    printf5.o(i.__0vsnprintf$5) refers to printf5.o(i._snputc) for _snputc
    printf5.o(i.__0vsprintf$5) refers to printf5.o(i._printf_core) for _printf_core
    printf5.o(i.__0vsprintf$5) refers to printf5.o(i._sputc) for _sputc
    printf5.o(i._printf_core) refers to uldiv.o(.text) for __aeabi_uldivmod
    printf6.o(i.__0fprintf$6) refers to printf6.o(i._printf_core) for _printf_core
    printf6.o(i.__0fprintf$6) refers to fputc.o(i.fputc) for fputc
    printf6.o(i.__0printf$6) refers to printf6.o(i._printf_core) for _printf_core
    printf6.o(i.__0printf$6) refers to fputc.o(i.fputc) for fputc
    printf6.o(i.__0printf$6) refers to stdout.o(.data) for __stdout
    printf6.o(i.__0snprintf$6) refers to printf6.o(i._printf_core) for _printf_core
    printf6.o(i.__0snprintf$6) refers to printf6.o(i._snputc) for _snputc
    printf6.o(i.__0sprintf$6) refers to printf6.o(i._printf_core) for _printf_core
    printf6.o(i.__0sprintf$6) refers to printf6.o(i._sputc) for _sputc
    printf6.o(i.__0vfprintf$6) refers to printf6.o(i._printf_core) for _printf_core
    printf6.o(i.__0vfprintf$6) refers to fputc.o(i.fputc) for fputc
    printf6.o(i.__0vprintf$6) refers to printf6.o(i._printf_core) for _printf_core
    printf6.o(i.__0vprintf$6) refers to fputc.o(i.fputc) for fputc
    printf6.o(i.__0vprintf$6) refers to stdout.o(.data) for __stdout
    printf6.o(i.__0vsnprintf$6) refers to printf6.o(i._printf_core) for _printf_core
    printf6.o(i.__0vsnprintf$6) refers to printf6.o(i._snputc) for _snputc
    printf6.o(i.__0vsprintf$6) refers to printf6.o(i._printf_core) for _printf_core
    printf6.o(i.__0vsprintf$6) refers to printf6.o(i._sputc) for _sputc
    printf6.o(i._printf_core) refers to printf6.o(i._printf_pre_padding) for _printf_pre_padding
    printf6.o(i._printf_core) refers to uidiv.o(.text) for __aeabi_uidivmod
    printf6.o(i._printf_core) refers to printf6.o(i._printf_post_padding) for _printf_post_padding
    printf7.o(i.__0fprintf$7) refers to printf7.o(i._printf_core) for _printf_core
    printf7.o(i.__0fprintf$7) refers to fputc.o(i.fputc) for fputc
    printf7.o(i.__0printf$7) refers to printf7.o(i._printf_core) for _printf_core
    printf7.o(i.__0printf$7) refers to fputc.o(i.fputc) for fputc
    printf7.o(i.__0printf$7) refers to stdout.o(.data) for __stdout
    printf7.o(i.__0snprintf$7) refers to printf7.o(i._printf_core) for _printf_core
    printf7.o(i.__0snprintf$7) refers to printf7.o(i._snputc) for _snputc
    printf7.o(i.__0sprintf$7) refers to printf7.o(i._printf_core) for _printf_core
    printf7.o(i.__0sprintf$7) refers to printf7.o(i._sputc) for _sputc
    printf7.o(i.__0vfprintf$7) refers to printf7.o(i._printf_core) for _printf_core
    printf7.o(i.__0vfprintf$7) refers to fputc.o(i.fputc) for fputc
    printf7.o(i.__0vprintf$7) refers to printf7.o(i._printf_core) for _printf_core
    printf7.o(i.__0vprintf$7) refers to fputc.o(i.fputc) for fputc
    printf7.o(i.__0vprintf$7) refers to stdout.o(.data) for __stdout
    printf7.o(i.__0vsnprintf$7) refers to printf7.o(i._printf_core) for _printf_core
    printf7.o(i.__0vsnprintf$7) refers to printf7.o(i._snputc) for _snputc
    printf7.o(i.__0vsprintf$7) refers to printf7.o(i._printf_core) for _printf_core
    printf7.o(i.__0vsprintf$7) refers to printf7.o(i._sputc) for _sputc
    printf7.o(i._printf_core) refers to printf7.o(i._printf_pre_padding) for _printf_pre_padding
    printf7.o(i._printf_core) refers to uldiv.o(.text) for __aeabi_uldivmod
    printf7.o(i._printf_core) refers to printf7.o(i._printf_post_padding) for _printf_post_padding
    printf8.o(i.__0fprintf$8) refers to printf8.o(i._printf_core) for _printf_core
    printf8.o(i.__0fprintf$8) refers to fputc.o(i.fputc) for fputc
    printf8.o(i.__0printf$8) refers to printf8.o(i._printf_core) for _printf_core
    printf8.o(i.__0printf$8) refers to fputc.o(i.fputc) for fputc
    printf8.o(i.__0printf$8) refers to stdout.o(.data) for __stdout
    printf8.o(i.__0snprintf$8) refers to printf8.o(i._printf_core) for _printf_core
    printf8.o(i.__0snprintf$8) refers to printf8.o(i._snputc) for _snputc
    printf8.o(i.__0sprintf$8) refers to printf8.o(i._printf_core) for _printf_core
    printf8.o(i.__0sprintf$8) refers to printf8.o(i._sputc) for _sputc
    printf8.o(i.__0vfprintf$8) refers to printf8.o(i._printf_core) for _printf_core
    printf8.o(i.__0vfprintf$8) refers to fputc.o(i.fputc) for fputc
    printf8.o(i.__0vprintf$8) refers to printf8.o(i._printf_core) for _printf_core
    printf8.o(i.__0vprintf$8) refers to fputc.o(i.fputc) for fputc
    printf8.o(i.__0vprintf$8) refers to stdout.o(.data) for __stdout
    printf8.o(i.__0vsnprintf$8) refers to printf8.o(i._printf_core) for _printf_core
    printf8.o(i.__0vsnprintf$8) refers to printf8.o(i._snputc) for _snputc
    printf8.o(i.__0vsprintf$8) refers to printf8.o(i._printf_core) for _printf_core
    printf8.o(i.__0vsprintf$8) refers to printf8.o(i._sputc) for _sputc
    printf8.o(i._printf_core) refers to printf8.o(i._printf_pre_padding) for _printf_pre_padding
    printf8.o(i._printf_core) refers to uldiv.o(.text) for __aeabi_uldivmod
    printf8.o(i._printf_core) refers to printf8.o(i._printf_post_padding) for _printf_post_padding
    printfa.o(i.__0fprintf) refers (Special) to iusefp.o(.text) for __I$use$fp
    printfa.o(i.__0fprintf) refers to printfa.o(i._printf_core) for _printf_core
    printfa.o(i.__0fprintf) refers to fputc.o(i.fputc) for fputc
    printfa.o(i.__0printf) refers (Special) to iusefp.o(.text) for __I$use$fp
    printfa.o(i.__0printf) refers to printfa.o(i._printf_core) for _printf_core
    printfa.o(i.__0printf) refers to fputc.o(i.fputc) for fputc
    printfa.o(i.__0printf) refers to stdout.o(.data) for __stdout
    printfa.o(i.__0snprintf) refers (Special) to iusefp.o(.text) for __I$use$fp
    printfa.o(i.__0snprintf) refers to printfa.o(i._printf_core) for _printf_core
    printfa.o(i.__0snprintf) refers to printfa.o(i._snputc) for _snputc
    printfa.o(i.__0sprintf) refers (Special) to iusefp.o(.text) for __I$use$fp
    printfa.o(i.__0sprintf) refers to printfa.o(i._printf_core) for _printf_core
    printfa.o(i.__0sprintf) refers to printfa.o(i._sputc) for _sputc
    printfa.o(i.__0vfprintf) refers (Special) to iusefp.o(.text) for __I$use$fp
    printfa.o(i.__0vfprintf) refers to printfa.o(i._printf_core) for _printf_core
    printfa.o(i.__0vfprintf) refers to fputc.o(i.fputc) for fputc
    printfa.o(i.__0vprintf) refers (Special) to iusefp.o(.text) for __I$use$fp
    printfa.o(i.__0vprintf) refers to printfa.o(i._printf_core) for _printf_core
    printfa.o(i.__0vprintf) refers to fputc.o(i.fputc) for fputc
    printfa.o(i.__0vprintf) refers to stdout.o(.data) for __stdout
    printfa.o(i.__0vsnprintf) refers (Special) to iusefp.o(.text) for __I$use$fp
    printfa.o(i.__0vsnprintf) refers to printfa.o(i._printf_core) for _printf_core
    printfa.o(i.__0vsnprintf) refers to printfa.o(i._snputc) for _snputc
    printfa.o(i.__0vsprintf) refers (Special) to iusefp.o(.text) for __I$use$fp
    printfa.o(i.__0vsprintf) refers to printfa.o(i._printf_core) for _printf_core
    printfa.o(i.__0vsprintf) refers to printfa.o(i._sputc) for _sputc
    printfa.o(i._fp_digits) refers (Special) to iusefp.o(.text) for __I$use$fp
    printfa.o(i._fp_digits) refers to dmul.o(.text) for __aeabi_dmul
    printfa.o(i._fp_digits) refers to ddiv.o(.text) for __aeabi_ddiv
    printfa.o(i._fp_digits) refers to cdrcmple.o(.text) for __aeabi_cdrcmple
    printfa.o(i._fp_digits) refers to dadd.o(.text) for __aeabi_dadd
    printfa.o(i._fp_digits) refers to dfixul.o(.text) for __aeabi_d2ulz
    printfa.o(i._fp_digits) refers to uldiv.o(.text) for __aeabi_uldivmod
    printfa.o(i._printf_core) refers (Special) to iusefp.o(.text) for __I$use$fp
    printfa.o(i._printf_core) refers to printfa.o(i._printf_pre_padding) for _printf_pre_padding
    printfa.o(i._printf_core) refers to uldiv.o(.text) for __aeabi_uldivmod
    printfa.o(i._printf_core) refers to printfa.o(i._printf_post_padding) for _printf_post_padding
    printfa.o(i._printf_core) refers to printfa.o(i._fp_digits) for _fp_digits
    printfa.o(i._printf_core) refers to uidiv.o(.text) for __aeabi_uidivmod
    printfa.o(i._printf_post_padding) refers (Special) to iusefp.o(.text) for __I$use$fp
    printfa.o(i._printf_pre_padding) refers (Special) to iusefp.o(.text) for __I$use$fp
    printfa.o(i._snputc) refers (Special) to iusefp.o(.text) for __I$use$fp
    printfa.o(i._sputc) refers (Special) to iusefp.o(.text) for __I$use$fp
    entry2.o(.ARM.Collect$$$$00000001) refers to entry2.o(.ARM.Collect$$$$00002712) for __lit__00000000
    entry2.o(.ARM.Collect$$$$00002712) refers to startup_VE_A9_MP.o(STACK) for __initial_sp
    entry2.o(__vectab_stack_and_reset_area) refers to startup_VE_A9_MP.o(STACK) for __initial_sp
    entry2.o(__vectab_stack_and_reset_area) refers to entry.o(.ARM.Collect$$$$00000000) for __main
    entry5.o(.ARM.Collect$$$$00000004) refers to init.o(.text) for __scatterload
    fputc.o(i.fputc) refers (Special) to iusesemip.o(.text) for __I$use$semihosting$fputc
    fputc.o(i.fputc) refers (Special) to semi.o(.text) for __semihosting_library_function
    dadd.o(.text) refers to llshl.o(.text) for __aeabi_llsl
    dadd.o(.text) refers to llsshr.o(.text) for __aeabi_lasr
    dadd.o(.text) refers to depilogue.o(.text) for _double_epilogue
    dmul.o(.text) refers to depilogue.o(.text) for _double_epilogue
    ddiv.o(.text) refers to depilogue.o(.text) for _double_round
    dfixul.o(.text) refers to llushr.o(.text) for __aeabi_llsr
    dfixul.o(.text) refers to llshl.o(.text) for __aeabi_llsl
    init.o(.text) refers to entry5.o(.ARM.Collect$$$$00000004) for __main_after_scatterload
    depilogue.o(.text) refers to llshl.o(.text) for __aeabi_llsl
    depilogue.o(.text) refers to llushr.o(.text) for __aeabi_llsr


==============================================================================

Removing Unused input sections from the image.

    Removing startup_VE_A9_MP.o(HEAP), (0 bytes).
    Removing RTX_Conf_CM.o(.constdata), (4 bytes).
    Removing RTX_Conf_CM.o(.constdata), (2 bytes).
    Removing RTX_Conf_CM.o(.constdata), (2 bytes).
    Removing RTX_Conf_CM.o(.constdata), (4 bytes).
    Removing RTX_Conf_CM.o(.data), (4 bytes).
    Removing gic.o(.rev16_text), (4 bytes).
    Removing gic.o(.revsh_text), (4 bytes).
    Removing gic.o(.rrx_text), (6 bytes).
    Removing gic.o(.emb_text), (208 bytes).
    Removing mmu_VE_A9_MP.o(.rev16_text), (4 bytes).
    Removing mmu_VE_A9_MP.o(.revsh_text), (4 bytes).
    Removing mmu_VE_A9_MP.o(.rrx_text), (6 bytes).
    Removing mmu_VE_A9_MP.o(.emb_text), (208 bytes).
    Removing pl310.o(.rev16_text), (4 bytes).
    Removing pl310.o(.revsh_text), (4 bytes).
    Removing pl310.o(.rrx_text), (6 bytes).
    Removing pl310.o(.emb_text), (208 bytes).
    Removing pl310.o(.text), (228 bytes).
    Removing system_VE_A9_MP.o(.rev16_text), (4 bytes).
    Removing system_VE_A9_MP.o(.revsh_text), (4 bytes).
    Removing system_VE_A9_MP.o(.rrx_text), (6 bytes).
    Removing HAL_CA9.o(.rev16_text), (4 bytes).
    Removing HAL_CA9.o(.revsh_text), (4 bytes).
    Removing HAL_CA9.o(.rrx_text), (6 bytes).
    Removing HAL_CA.o(.rev16_text), (4 bytes).
    Removing HAL_CA.o(.revsh_text), (4 bytes).
    Removing HAL_CA.o(.rrx_text), (6 bytes).
    Removing HAL_CA.o(.emb_text), (208 bytes).
    Removing rt_CMSIS.o(.rev16_text), (4 bytes).
    Removing rt_CMSIS.o(.revsh_text), (4 bytes).
    Removing rt_CMSIS.o(.rrx_text), (6 bytes).
    Removing rt_CMSIS.o(i.isrMessageGet), (72 bytes).
    Removing rt_CMSIS.o(i.isrSemaphoreRelease), (52 bytes).
    Removing rt_CMSIS.o(i.isrSignalSet), (52 bytes).
    Removing rt_CMSIS.o(i.osDelay), (32 bytes).
    Removing rt_CMSIS.o(i.osKernelRunning), (36 bytes).
    Removing rt_CMSIS.o(i.osKernelSysTick), (28 bytes).
    Removing rt_CMSIS.o(i.osMailAlloc), (48 bytes).
    Removing rt_CMSIS.o(i.osMailCAlloc), (68 bytes).
    Removing rt_CMSIS.o(i.osMailCreate), (64 bytes).
    Removing rt_CMSIS.o(i.osMailFree), (48 bytes).
    Removing rt_CMSIS.o(i.osMailGet), (48 bytes).
    Removing rt_CMSIS.o(i.osMailPut), (30 bytes).
    Removing rt_CMSIS.o(i.osMessageCreate), (64 bytes).
    Removing rt_CMSIS.o(i.osMessageGet), (56 bytes).
    Removing rt_CMSIS.o(i.osMessagePut), (48 bytes).
    Removing rt_CMSIS.o(i.osMutexCreate), (60 bytes).
    Removing rt_CMSIS.o(i.osMutexDelete), (32 bytes).
    Removing rt_CMSIS.o(i.osMutexRelease), (32 bytes).
    Removing rt_CMSIS.o(i.osMutexWait), (36 bytes).
    Removing rt_CMSIS.o(i.osPoolAlloc), (40 bytes).
    Removing rt_CMSIS.o(i.osPoolCAlloc), (52 bytes).
    Removing rt_CMSIS.o(i.osPoolCreate), (60 bytes).
    Removing rt_CMSIS.o(i.osPoolFree), (44 bytes).
    Removing rt_CMSIS.o(i.osSemaphoreCreate), (64 bytes).
    Removing rt_CMSIS.o(i.osSemaphoreDelete), (32 bytes).
    Removing rt_CMSIS.o(i.osSemaphoreRelease), (36 bytes).
    Removing rt_CMSIS.o(i.osSemaphoreWait), (40 bytes).
    Removing rt_CMSIS.o(i.osSignalClear), (40 bytes).
    Removing rt_CMSIS.o(i.osSignalSet), (44 bytes).
    Removing rt_CMSIS.o(i.osSignalWait), (52 bytes).
    Removing rt_CMSIS.o(i.osThreadGetId), (28 bytes).
    Removing rt_CMSIS.o(i.osThreadGetPriority), (32 bytes).
    Removing rt_CMSIS.o(i.osThreadSetPriority), (36 bytes).
    Removing rt_CMSIS.o(i.osThreadTerminate), (32 bytes).
    Removing rt_CMSIS.o(i.osThreadYield), (28 bytes).
    Removing rt_CMSIS.o(i.osTimerCall), (32 bytes).
    Removing rt_CMSIS.o(i.osTimerCreate), (72 bytes).
    Removing rt_CMSIS.o(i.osTimerDelete), (32 bytes).
    Removing rt_CMSIS.o(i.osTimerStart), (36 bytes).
    Removing rt_CMSIS.o(i.osTimerStop), (32 bytes).
    Removing rt_CMSIS.o(i.osTimerThread), (56 bytes).
    Removing rt_CMSIS.o(i.osWait), (16 bytes).
    Removing rt_CMSIS.o(i.os_resume), (24 bytes).
    Removing rt_CMSIS.o(i.os_suspend), (16 bytes).
    Removing rt_CMSIS.o(i.rt_clr_box), (24 bytes).
    Removing rt_CMSIS.o(i.rt_id2obj), (16 bytes).
    Removing rt_CMSIS.o(i.rt_ms2tick), (80 bytes).
    Removing rt_CMSIS.o(i.rt_timer_remove), (76 bytes).
    Removing rt_CMSIS.o(i.svcDelay), (26 bytes).
    Removing rt_CMSIS.o(i.svcKernelRunning), (12 bytes).
    Removing rt_CMSIS.o(i.svcKernelSysTick), (72 bytes).
    Removing rt_CMSIS.o(i.svcMailCreate), (102 bytes).
    Removing rt_CMSIS.o(i.svcMessageGet), (86 bytes).
    Removing rt_CMSIS.o(i.svcMessagePut), (66 bytes).
    Removing rt_CMSIS.o(i.svcMutexCreate), (54 bytes).
    Removing rt_CMSIS.o(i.svcMutexDelete), (38 bytes).
    Removing rt_CMSIS.o(i.svcMutexRelease), (48 bytes).
    Removing rt_CMSIS.o(i.svcMutexWait), (78 bytes).
    Removing rt_CMSIS.o(i.svcPoolCreate), (56 bytes).
    Removing rt_CMSIS.o(i.svcSemaphoreCreate), (74 bytes).
    Removing rt_CMSIS.o(i.svcSemaphoreDelete), (38 bytes).
    Removing rt_CMSIS.o(i.svcSemaphoreRelease), (52 bytes).
    Removing rt_CMSIS.o(i.svcSemaphoreWait), (70 bytes).
    Removing rt_CMSIS.o(i.svcSignalClear), (52 bytes).
    Removing rt_CMSIS.o(i.svcSignalSet), (52 bytes).
    Removing rt_CMSIS.o(i.svcSignalWait), (120 bytes).
    Removing rt_CMSIS.o(i.svcThreadGetPriority), (24 bytes).
    Removing rt_CMSIS.o(i.svcThreadSetPriority), (62 bytes).
    Removing rt_CMSIS.o(i.svcThreadYield), (10 bytes).
    Removing rt_CMSIS.o(i.svcTimerCall), (42 bytes).
    Removing rt_CMSIS.o(i.svcTimerCreate), (112 bytes).
    Removing rt_CMSIS.o(i.svcTimerDelete), (52 bytes).
    Removing rt_CMSIS.o(i.svcTimerStart), (124 bytes).
    Removing rt_CMSIS.o(i.svcTimerStop), (48 bytes).
    Removing rt_CMSIS.o(i.sysMailAlloc), (120 bytes).
    Removing rt_CMSIS.o(i.sysMailFree), (122 bytes).
    Removing rt_CMSIS.o(i.sysPoolAlloc), (22 bytes).
    Removing rt_CMSIS.o(i.sysPoolFree), (32 bytes).
    Removing rt_CMSIS.o(i.sysUserTimerUpdate), (72 bytes).
    Removing rt_CMSIS.o(i.sysUserTimerWakeupTime), (24 bytes).
    Removing rt_Time.o(i.rt_dly_wait), (14 bytes).
    Removing rt_Time.o(i.rt_itv_set), (28 bytes).
    Removing rt_Time.o(i.rt_itv_wait), (60 bytes).
    Removing rt_Event.o(.rev16_text), (4 bytes).
    Removing rt_Event.o(.revsh_text), (4 bytes).
    Removing rt_Event.o(.rrx_text), (6 bytes).
    Removing rt_Event.o(.emb_text), (208 bytes).
    Removing rt_Event.o(i.isr_evt_set), (40 bytes).
    Removing rt_Event.o(i.rt_evt_clr), (32 bytes).
    Removing rt_Event.o(i.rt_evt_get), (12 bytes).
    Removing rt_Event.o(i.rt_evt_set), (104 bytes).
    Removing rt_Event.o(i.rt_evt_wait), (116 bytes).
    Removing rt_Event.o(.data), (1 bytes).
    Removing rt_List.o(.rev16_text), (4 bytes).
    Removing rt_List.o(.revsh_text), (4 bytes).
    Removing rt_List.o(.rrx_text), (6 bytes).
    Removing rt_List.o(.emb_text), (208 bytes).
    Removing rt_List.o(i.rt_get_same_rdy_prio), (44 bytes).
    Removing rt_List.o(i.rt_put_dly), (92 bytes).
    Removing rt_List.o(.data), (1 bytes).
    Removing rt_Mailbox.o(.rev16_text), (4 bytes).
    Removing rt_Mailbox.o(.revsh_text), (4 bytes).
    Removing rt_Mailbox.o(.rrx_text), (6 bytes).
    Removing rt_Mailbox.o(.emb_text), (208 bytes).
    Removing rt_Mailbox.o(i.isr_mbx_receive), (98 bytes).
    Removing rt_Mailbox.o(i.rt_mbx_send), (192 bytes).
    Removing rt_Mailbox.o(i.rt_mbx_wait), (216 bytes).
    Removing rt_Mailbox.o(.data), (1 bytes).
    Removing rt_MemBox.o(.rev16_text), (4 bytes).
    Removing rt_MemBox.o(.revsh_text), (4 bytes).
    Removing rt_MemBox.o(.rrx_text), (6 bytes).
    Removing rt_MemBox.o(.emb_text), (208 bytes).
    Removing rt_MemBox.o(i._calloc_box), (40 bytes).
    Removing rt_MemBox.o(.data), (1 bytes).
    Removing rt_Mutex.o(.rev16_text), (4 bytes).
    Removing rt_Mutex.o(.revsh_text), (4 bytes).
    Removing rt_Mutex.o(.rrx_text), (6 bytes).
    Removing rt_Mutex.o(.emb_text), (208 bytes).
    Removing rt_Mutex.o(i.rt_mut_delete), (224 bytes).
    Removing rt_Mutex.o(i.rt_mut_init), (18 bytes).
    Removing rt_Mutex.o(i.rt_mut_release), (300 bytes).
    Removing rt_Mutex.o(i.rt_mut_wait), (180 bytes).
    Removing rt_Mutex.o(.data), (1 bytes).
    Removing rt_Semaphore.o(.rev16_text), (4 bytes).
    Removing rt_Semaphore.o(.revsh_text), (4 bytes).
    Removing rt_Semaphore.o(.rrx_text), (6 bytes).
    Removing rt_Semaphore.o(.emb_text), (208 bytes).
    Removing rt_Semaphore.o(i.isr_sem_send), (20 bytes).
    Removing rt_Semaphore.o(i.rt_sem_delete), (124 bytes).
    Removing rt_Semaphore.o(i.rt_sem_init), (16 bytes).
    Removing rt_Semaphore.o(i.rt_sem_send), (66 bytes).
    Removing rt_Semaphore.o(i.rt_sem_wait), (96 bytes).
    Removing rt_Semaphore.o(.data), (1 bytes).
    Removing rt_System.o(.rev16_text), (4 bytes).
    Removing rt_System.o(.revsh_text), (4 bytes).
    Removing rt_System.o(.rrx_text), (6 bytes).
    Removing rt_System.o(.emb_text), (208 bytes).
    Removing rt_System.o(i.os_tick_init), (10 bytes).
    Removing rt_System.o(i.os_tick_irqack), (2 bytes).
    Removing rt_System.o(i.os_tick_ovf), (6 bytes).
    Removing rt_System.o(i.os_tick_val), (6 bytes).
    Removing rt_System.o(i.rt_resume), (184 bytes).
    Removing rt_System.o(i.rt_suspend), (52 bytes).
    Removing rt_Task.o(.rev16_text), (4 bytes).
    Removing rt_Task.o(.revsh_text), (4 bytes).
    Removing rt_Task.o(.rrx_text), (6 bytes).
    Removing rt_Task.o(.emb_text), (208 bytes).
    Removing rt_Task.o(i.rt_block), (56 bytes).
    Removing rt_Task.o(i.rt_tsk_pass), (44 bytes).
    Removing rt_Robin.o(.rev16_text), (4 bytes).
    Removing rt_Robin.o(.revsh_text), (4 bytes).
    Removing rt_Robin.o(.rrx_text), (6 bytes).
    Removing rt_Robin.o(.emb_text), (208 bytes).
    Removing dadd.o(.text), (334 bytes).
    Removing dmul.o(.text), (228 bytes).
    Removing ddiv.o(.text), (222 bytes).
    Removing dfixul.o(.text), (48 bytes).
    Removing cdrcmple.o(.text), (48 bytes).
    Removing depilogue.o(.text), (186 bytes).

191 unused section(s) (total 10776 bytes) removed from the image.

==============================================================================

Adding Veneers to the image

    Adding AT veneer (8 bytes, Long) for call to '__enable_btac' from system_VE_A9_MP.o(.text).

1 Veneer(s) (total 8 bytes) added to the image.

==============================================================================

Image Symbol Table

    Local Symbols

    Symbol Name                              Value     Ov Type        Size  Object(Section)

    ../ARM/HAL_CA9.c                         0x00000000   Number         0  HAL_CA9.o ABSOLUTE
    ../ARM/SVC_Table.s                       0x00000000   Number         0  SVC_Table.o ABSOLUTE
    ../ARM/startup_VE_A9_MP.s                0x00000000   Number         0  startup_VE_A9_MP.o ABSOLUTE
    ../HAL_CA.c                              0x00000000   Number         0  HAL_CA.o ABSOLUTE
    ../NEON.c                                0x00000000   Number         0  NEON.o ABSOLUTE
    ../RTX_Conf_CM.c                         0x00000000   Number         0  RTX_Conf_CM.o ABSOLUTE
    ../clib/microlib/division.c              0x00000000   Number         0  uidiv.o ABSOLUTE
    ../clib/microlib/division.c              0x00000000   Number         0  uldiv.o ABSOLUTE
    ../clib/microlib/init/entry.s            0x00000000   Number         0  entry11b.o ABSOLUTE
    ../clib/microlib/init/entry.s            0x00000000   Number         0  entry11a.o ABSOLUTE
    ../clib/microlib/init/entry.s            0x00000000   Number         0  entry.o ABSOLUTE
    ../clib/microlib/init/entry.s            0x00000000   Number         0  entry10b.o ABSOLUTE
    ../clib/microlib/init/entry.s            0x00000000   Number         0  entry10a.o ABSOLUTE
    ../clib/microlib/init/entry.s            0x00000000   Number         0  entry8b.o ABSOLUTE
    ../clib/microlib/init/entry.s            0x00000000   Number         0  entry8a.o ABSOLUTE
    ../clib/microlib/init/entry.s            0x00000000   Number         0  entry7b.o ABSOLUTE
    ../clib/microlib/init/entry.s            0x00000000   Number         0  entry7a.o ABSOLUTE
    ../clib/microlib/init/entry.s            0x00000000   Number         0  entry2.o ABSOLUTE
    ../clib/microlib/init/entry.s            0x00000000   Number         0  entry5.o ABSOLUTE
    ../clib/microlib/longlong.c              0x00000000   Number         0  llsshr.o ABSOLUTE
    ../clib/microlib/longlong.c              0x00000000   Number         0  llushr.o ABSOLUTE
    ../clib/microlib/longlong.c              0x00000000   Number         0  llshl.o ABSOLUTE
    ../clib/microlib/printf/printf.c         0x00000000   Number         0  printfb.o ABSOLUTE
    ../clib/microlib/printf/printf.c         0x00000000   Number         0  printf0.o ABSOLUTE
    ../clib/microlib/printf/printf.c         0x00000000   Number         0  printf3.o ABSOLUTE
    ../clib/microlib/printf/printf.c         0x00000000   Number         0  printf4.o ABSOLUTE
    ../clib/microlib/printf/printf.c         0x00000000   Number         0  printfa.o ABSOLUTE
    ../clib/microlib/printf/printf.c         0x00000000   Number         0  printf5.o ABSOLUTE
    ../clib/microlib/printf/printf.c         0x00000000   Number         0  printf6.o ABSOLUTE
    ../clib/microlib/printf/printf.c         0x00000000   Number         0  printf1.o ABSOLUTE
    ../clib/microlib/printf/printf.c         0x00000000   Number         0  printf8.o ABSOLUTE
    ../clib/microlib/printf/printf.c         0x00000000   Number         0  printf7.o ABSOLUTE
    ../clib/microlib/printf/printf.c         0x00000000   Number         0  printf2.o ABSOLUTE
    ../clib/microlib/printf/stubs.s          0x00000000   Number         0  stubs.o ABSOLUTE
    ../clib/microlib/stdio/fputc.c           0x00000000   Number         0  fputc.o ABSOLUTE
    ../clib/microlib/stdio/semi.s            0x00000000   Number         0  semi.o ABSOLUTE
    ../clib/microlib/stdio/streams.c         0x00000000   Number         0  stdout.o ABSOLUTE
    ../clib/microlib/stubs.s                 0x00000000   Number         0  iusesemip.o ABSOLUTE
    ../clib/microlib/stubs.s                 0x00000000   Number         0  iusefp.o ABSOLUTE
    ../fplib/microlib/fpadd.c                0x00000000   Number         0  dadd.o ABSOLUTE
    ../fplib/microlib/fpdiv.c                0x00000000   Number         0  ddiv.o ABSOLUTE
    ../fplib/microlib/fpepilogue.c           0x00000000   Number         0  depilogue.o ABSOLUTE
    ../fplib/microlib/fpfix.c                0x00000000   Number         0  dfixul.o ABSOLUTE
    ../fplib/microlib/fpmul.c                0x00000000   Number         0  dmul.o ABSOLUTE
    ../gic.c                                 0x00000000   Number         0  gic.o ABSOLUTE
    ../mmu_VE_A9_MP.c                        0x00000000   Number         0  mmu_VE_A9_MP.o ABSOLUTE
    ../pl310.c                               0x00000000   Number         0  pl310.o ABSOLUTE
    ../rt_CMSIS.c                            0x00000000   Number         0  rt_CMSIS.o ABSOLUTE
    ../rt_Event.c                            0x00000000   Number         0  rt_Event.o ABSOLUTE
    ../rt_List.c                             0x00000000   Number         0  rt_List.o ABSOLUTE
    ../rt_Mailbox.c                          0x00000000   Number         0  rt_Mailbox.o ABSOLUTE
    ../rt_MemBox.c                           0x00000000   Number         0  rt_MemBox.o ABSOLUTE
    ../rt_Memory.c                           0x00000000   Number         0  rt_Memory.o ABSOLUTE
    ../rt_Mutex.c                            0x00000000   Number         0  rt_Mutex.o ABSOLUTE
    ../rt_Robin.c                            0x00000000   Number         0  rt_Robin.o ABSOLUTE
    ../rt_Semaphore.c                        0x00000000   Number         0  rt_Semaphore.o ABSOLUTE
    ../rt_System.c                           0x00000000   Number         0  rt_System.o ABSOLUTE
    ../rt_Task.c                             0x00000000   Number         0  rt_Task.o ABSOLUTE
    ../rt_Time.c                             0x00000000   Number         0  rt_Time.o ABSOLUTE
    ../system_VE_A9_MP.c                     0x00000000   Number         0  system_VE_A9_MP.o ABSOLUTE
    ..\ARM\HAL_CA9.c                         0x00000000   Number         0  HAL_CA9.o ABSOLUTE
    ..\HAL_CA.c                              0x00000000   Number         0  HAL_CA.o ABSOLUTE
    ..\gic.c                                 0x00000000   Number         0  gic.o ABSOLUTE
    ..\mmu_VE_A9_MP.c                        0x00000000   Number         0  mmu_VE_A9_MP.o ABSOLUTE
    ..\pl310.c                               0x00000000   Number         0  pl310.o ABSOLUTE
    ..\rt_CMSIS.c                            0x00000000   Number         0  rt_CMSIS.o ABSOLUTE
    ..\rt_Event.c                            0x00000000   Number         0  rt_Event.o ABSOLUTE
    ..\rt_List.c                             0x00000000   Number         0  rt_List.o ABSOLUTE
    ..\rt_Mailbox.c                          0x00000000   Number         0  rt_Mailbox.o ABSOLUTE
    ..\rt_MemBox.c                           0x00000000   Number         0  rt_MemBox.o ABSOLUTE
    ..\rt_Mutex.c                            0x00000000   Number         0  rt_Mutex.o ABSOLUTE
    ..\rt_Robin.c                            0x00000000   Number         0  rt_Robin.o ABSOLUTE
    ..\rt_Semaphore.c                        0x00000000   Number         0  rt_Semaphore.o ABSOLUTE
    ..\rt_System.c                           0x00000000   Number         0  rt_System.o ABSOLUTE
    ..\rt_Task.c                             0x00000000   Number         0  rt_Task.o ABSOLUTE
    ..\system_VE_A9_MP.c                     0x00000000   Number         0  system_VE_A9_MP.o ABSOLUTE
    cdrcmple.s                               0x00000000   Number         0  cdrcmple.o ABSOLUTE
    dc.s                                     0x00000000   Number         0  dc.o ABSOLUTE
    handlers.s                               0x00000000   Number         0  handlers.o ABSOLUTE
    init.s                                   0x00000000   Number         0  init.o ABSOLUTE
    RESET                                    0x80000000   Section       60  startup_VE_A9_MP.o(RESET)
    $v0                                      0x80000000   Number         0  startup_VE_A9_MP.o(RESET)
    .ARM.Collect$$$$00000000                 0x8000003c   Section        0  entry.o(.ARM.Collect$$$$00000000)
    .ARM.Collect$$$$00000001                 0x8000003c   Section        4  entry2.o(.ARM.Collect$$$$00000001)
    .ARM.Collect$$$$00000004                 0x80000040   Section        4  entry5.o(.ARM.Collect$$$$00000004)
    .ARM.Collect$$$$00000008                 0x80000044   Section        0  entry7b.o(.ARM.Collect$$$$00000008)
    .ARM.Collect$$$$0000000A                 0x80000044   Section        0  entry8b.o(.ARM.Collect$$$$0000000A)
    .ARM.Collect$$$$0000000D                 0x80000044   Section        0  entry10a.o(.ARM.Collect$$$$0000000D)
    .ARM.Collect$$$$0000000F                 0x80000044   Section        0  entry11a.o(.ARM.Collect$$$$0000000F)
    .ARM.Collect$$$$000000FF                 0x80000044   Section        0  RTX_Conf_CM.o(.ARM.Collect$$$$000000FF)
    .ARM.Collect$$$$00002712                 0x80000060   Section        4  entry2.o(.ARM.Collect$$$$00002712)
    __lit__00000000                          0x80000060   Data           4  entry2.o(.ARM.Collect$$$$00002712)
    .emb_text                                0x80000064   Section      392  system_VE_A9_MP.o(.emb_text)
    $v0                                      0x80000064   Number         0  system_VE_A9_MP.o(.emb_text)
    .emb_text                                0x800001ec   Section     1184  HAL_CA9.o(.emb_text)
    $v0                                      0x800001ec   Number         0  HAL_CA9.o(.emb_text)
    .emb_text                                0x8000068c   Section      208  rt_CMSIS.o(.emb_text)
    $v0                                      0x8000068c   Number         0  rt_CMSIS.o(.emb_text)
    .text                                    0x8000075c   Section      908  startup_VE_A9_MP.o(.text)
    $v0                                      0x8000075c   Number         0  startup_VE_A9_MP.o(.text)
    .text                                    0x80000ae8   Section        0  NEON.o(.text)
    .text                                    0x80000bb8   Section        0  RTX_Conf_CM.o(.text)
    .text                                    0x80000bf4   Section        0  gic.o(.text)
    .text                                    0x80000f38   Section        0  mmu_VE_A9_MP.o(.text)
    __get_section_descriptor                 0x80000f39   Thumb Code   200  mmu_VE_A9_MP.o(.text)
    __get_page_descriptor                    0x80001001   Thumb Code   304  mmu_VE_A9_MP.o(.text)
    __ap_page                                0x800014a9   Thumb Code   260  mmu_VE_A9_MP.o(.text)
    __memory_section                         0x800015ad   Thumb Code   124  mmu_VE_A9_MP.o(.text)
    __memory_page                            0x80001629   Thumb Code   134  mmu_VE_A9_MP.o(.text)
    __TTSection                              0x800016af   Thumb Code    36  mmu_VE_A9_MP.o(.text)
    __TTPage_64k                             0x800016d3   Thumb Code    70  mmu_VE_A9_MP.o(.text)
    .text                                    0x80001718   Section        0  system_VE_A9_MP.o(.text)
    .text                                    0x80001728   Section        0  system_VE_A9_MP.o(.text)
    __enable_caches                          0x80001859   Thumb Code    16  system_VE_A9_MP.o(.text)
    __enable_btac                            0x80001869   Thumb Code    18  system_VE_A9_MP.o(.text)
    .text                                    0x8000188c   Section        0  uidiv.o(.text)
    .text                                    0x800018b8   Section       36  init.o(.text)
    .text                                    0x800018dc   Section        0  semi.o(.text)
    .text                                    0x800018dc   Section        0  iusesemip.o(.text)
    SVC_TABLE                                0x800018dc   Section        8  SVC_Table.o(SVC_TABLE)
    Long ARM to Thumb Veneer to __enable_btac 0x800018e4   ARM Code       8  anon$$obj.o(Veneer$$Code)
    i.__0printf$1                            0x800018ec   Section        0  printf1.o(i.__0printf$1)
    i.__exceptional_mode                     0x8000190c   Section        0  rt_CMSIS.o(i.__exceptional_mode)
    __exceptional_mode                       0x8000190d   Thumb Code    44  rt_CMSIS.o(i.__exceptional_mode)
    i.__get_mode                             0x8000193c   Section        0  rt_CMSIS.o(i.__get_mode)
    __get_mode                               0x8000193d   Thumb Code    12  rt_CMSIS.o(i.__get_mode)
    i.__scatterload_copy                     0x80001948   Section       14  handlers.o(i.__scatterload_copy)
    i.__scatterload_null                     0x80001956   Section        2  handlers.o(i.__scatterload_null)
    i.__scatterload_zeroinit                 0x80001958   Section       14  handlers.o(i.__scatterload_zeroinit)
    i._init_box                              0x80001966   Section        0  rt_MemBox.o(i._init_box)
    i._printf_core                           0x800019c0   Section        0  printf1.o(i._printf_core)
    _printf_core                             0x800019c1   Thumb Code   336  printf1.o(i._printf_core)
    i.fputc                                  0x80001b14   Section        0  fputc.o(i.fputc)
    i.isrMessagePut                          0x80001b26   Section        0  rt_CMSIS.o(i.isrMessagePut)
    i.isr_mbx_send                           0x80001b58   Section        0  rt_Mailbox.o(i.isr_mbx_send)
    i.osKernelInitialize                     0x80001b70   Section        0  rt_CMSIS.o(i.osKernelInitialize)
    i.osKernelStart                          0x80001b9c   Section        0  rt_CMSIS.o(i.osKernelStart)
    i.osThreadCreate                         0x80001be8   Section        0  rt_CMSIS.o(i.osThreadCreate)
    i.osThreadExit                           0x80001c28   Section        0  rt_CMSIS.o(i.osThreadExit)
    i.rt_alloc_box                           0x80001c48   Section        0  rt_MemBox.o(i.rt_alloc_box)
    i.rt_alloc_mem                           0x80001c66   Section        0  rt_Memory.o(i.rt_alloc_mem)
    i.rt_chk_robin                           0x80001cbc   Section        0  rt_Robin.o(i.rt_chk_robin)
    i.rt_dec_dly                             0x80001d14   Section        0  rt_List.o(i.rt_dec_dly)
    i.rt_dispatch                            0x80001da4   Section        0  rt_Task.o(i.rt_dispatch)
    i.rt_evt_psh                             0x80001df4   Section        0  rt_Event.o(i.rt_evt_psh)
    i.rt_free_box                            0x80001e50   Section        0  rt_MemBox.o(i.rt_free_box)
    i.rt_free_mem                            0x80001e8e   Section        0  rt_Memory.o(i.rt_free_mem)
    i.rt_get_TID                             0x80001ec4   Section        0  rt_Task.o(i.rt_get_TID)
    rt_get_TID                               0x80001ec5   Thumb Code    32  rt_Task.o(i.rt_get_TID)
    i.rt_get_first                           0x80001eec   Section        0  rt_List.o(i.rt_get_first)
    i.rt_init_context                        0x80001f20   Section        0  rt_Task.o(i.rt_init_context)
    rt_init_context                          0x80001f21   Thumb Code    68  rt_Task.o(i.rt_init_context)
    i.rt_init_mem                            0x80001f68   Section        0  rt_Memory.o(i.rt_init_mem)
    i.rt_init_robin                          0x80001f8c   Section        0  rt_Robin.o(i.rt_init_robin)
    i.rt_init_stack                          0x80001fa4   Section        0  HAL_CA.o(i.rt_init_stack)
    i.rt_mbx_check                           0x80002068   Section        0  rt_Mailbox.o(i.rt_mbx_check)
    i.rt_mbx_init                            0x80002074   Section        0  rt_Mailbox.o(i.rt_mbx_init)
    i.rt_mbx_psh                             0x80002098   Section        0  rt_Mailbox.o(i.rt_mbx_psh)
    i.rt_pop_req                             0x800021b8   Section        0  rt_System.o(i.rt_pop_req)
    i.rt_psh_req                             0x80002260   Section        0  rt_System.o(i.rt_psh_req)
    i.rt_psq_enq                             0x80002288   Section        0  rt_List.o(i.rt_psq_enq)
    i.rt_put_prio                            0x80002304   Section        0  rt_List.o(i.rt_put_prio)
    i.rt_put_rdy_first                       0x80002344   Section        0  rt_List.o(i.rt_put_rdy_first)
    i.rt_resort_prio                         0x80002358   Section        0  rt_List.o(i.rt_resort_prio)
    i.rt_ret_regs                            0x8000238c   Section        0  HAL_CA.o(i.rt_ret_regs)
    rt_ret_regs                              0x8000238d   Thumb Code    42  HAL_CA.o(i.rt_ret_regs)
    i.rt_ret_val                             0x800023b6   Section        0  HAL_CA.o(i.rt_ret_val)
    i.rt_ret_val2                            0x800023c8   Section        0  HAL_CA.o(i.rt_ret_val2)
    i.rt_rmv_dly                             0x800023e2   Section        0  rt_List.o(i.rt_rmv_dly)
    i.rt_rmv_list                            0x8000240c   Section        0  rt_List.o(i.rt_rmv_list)
    i.rt_sem_psh                             0x80002440   Section        0  rt_Semaphore.o(i.rt_sem_psh)
    i.rt_stk_check                           0x80002488   Section        0  rt_System.o(i.rt_stk_check)
    i.rt_switch_req                          0x800024b8   Section        0  rt_Task.o(i.rt_switch_req)
    i.rt_sys_init                            0x800024c8   Section        0  rt_Task.o(i.rt_sys_init)
    i.rt_sys_start                           0x8000259c   Section        0  rt_Task.o(i.rt_sys_start)
    i.rt_systick                             0x80002620   Section        0  rt_System.o(i.rt_systick)
    i.rt_tid2ptcb                            0x80002664   Section        0  rt_CMSIS.o(i.rt_tid2ptcb)
    rt_tid2ptcb                              0x80002665   Thumb Code    32  rt_CMSIS.o(i.rt_tid2ptcb)
    i.rt_time_get                            0x80002684   Section        0  rt_Time.o(i.rt_time_get)
    i.rt_timer_insert                        0x80002690   Section        0  rt_CMSIS.o(i.rt_timer_insert)
    rt_timer_insert                          0x80002691   Thumb Code    60  rt_CMSIS.o(i.rt_timer_insert)
    i.rt_tsk_create                          0x800026d0   Section        0  rt_Task.o(i.rt_tsk_create)
    i.rt_tsk_delete                          0x80002734   Section        0  rt_Task.o(i.rt_tsk_delete)
    i.rt_tsk_lock                            0x800028c8   Section        0  rt_System.o(i.rt_tsk_lock)
    i.rt_tsk_prio                            0x80002984   Section        0  rt_Task.o(i.rt_tsk_prio)
    i.rt_tsk_self                            0x80002a20   Section        0  rt_Task.o(i.rt_tsk_self)
    i.rt_tsk_unlock                          0x80002a38   Section        0  rt_System.o(i.rt_tsk_unlock)
    i.svcKernelInitialize                    0x80002acc   Section        0  rt_CMSIS.o(i.svcKernelInitialize)
    i.svcKernelStart                         0x80002b58   Section        0  rt_CMSIS.o(i.svcKernelStart)
    i.svcMessageCreate                       0x80002ba8   Section        0  rt_CMSIS.o(i.svcMessageCreate)
    i.svcThreadCreate                        0x80002be4   Section        0  rt_CMSIS.o(i.svcThreadCreate)
    i.svcThreadGetId                         0x80002c74   Section        0  rt_CMSIS.o(i.svcThreadGetId)
    i.svcThreadTerminate                     0x80002c90   Section        0  rt_CMSIS.o(i.svcThreadTerminate)
    i.sysThreadError                         0x80002cd4   Section        0  rt_CMSIS.o(i.sysThreadError)
    sysThreadError                           0x80002cd5   Thumb Code     2  rt_CMSIS.o(i.sysThreadError)
    i.sysTimerTick                           0x80002cd8   Section        0  rt_CMSIS.o(i.sysTimerTick)
    .constdata                               0x80002d30   Section        2  RTX_Conf_CM.o(.constdata)
    .constdata                               0x80002d34   Section        4  RTX_Conf_CM.o(.constdata)
    .constdata                               0x80002d38   Section        4  RTX_Conf_CM.o(.constdata)
    .constdata                               0x80002d3c   Section        1  RTX_Conf_CM.o(.constdata)
    .constdata                               0x80002d40   Section       32  RTX_Conf_CM.o(.constdata)
    __tagsym$$used                           0x80002d40   Number         0  RTX_Conf_CM.o(.constdata)
    __tagsym$$used                           0x80002d44   Number         0  RTX_Conf_CM.o(.constdata)
    __tagsym$$used                           0x80002d48   Number         0  RTX_Conf_CM.o(.constdata)
    __tagsym$$used                           0x80002d4c   Number         0  RTX_Conf_CM.o(.constdata)
    .constdata                               0x80002d60   Section        2  RTX_Conf_CM.o(.constdata)
    .constdata                               0x80002d64   Section        4  RTX_Conf_CM.o(.constdata)
    .constdata                               0x80002d68   Section        4  RTX_Conf_CM.o(.constdata)
    .constdata                               0x80002d6c   Section        1  RTX_Conf_CM.o(.constdata)
    .constdata                               0x80002d70   Section       16  RTX_Conf_CM.o(.constdata)
    .constdata                               0x80002d80   Section        8  RTX_Conf_CM.o(.constdata)
    .constdata                               0x80002d88   Section        2  RTX_Conf_CM.o(.constdata)
    .constdata                               0x80002d8c   Section        4  gic.o(.constdata)
    .constdata                               0x80002d90   Section        4  gic.o(.constdata)
    .data                                    0x80200000   Section        4  RTX_Conf_CM.o(.data)
    .data                                    0x80200004   Section        4  RTX_Conf_CM.o(.data)
    .data                                    0x80200008   Section        4  RTX_Conf_CM.o(.data)
    .data                                    0x8020000c   Section       40  mmu_VE_A9_MP.o(.data)
    Page_L1_4k                               0x8020000c   Data           4  mmu_VE_A9_MP.o(.data)
    Page_L1_64k                              0x80200010   Data           4  mmu_VE_A9_MP.o(.data)
    Sect_Normal                              0x80200014   Data           4  mmu_VE_A9_MP.o(.data)
    Sect_Normal_Cod                          0x80200018   Data           4  mmu_VE_A9_MP.o(.data)
    Sect_Normal_RO                           0x8020001c   Data           4  mmu_VE_A9_MP.o(.data)
    Sect_Normal_RW                           0x80200020   Data           4  mmu_VE_A9_MP.o(.data)
    Sect_Device_RO                           0x80200024   Data           4  mmu_VE_A9_MP.o(.data)
    Sect_Device_RW                           0x80200028   Data           4  mmu_VE_A9_MP.o(.data)
    Page_4k_Device_RW                        0x8020002c   Data           4  mmu_VE_A9_MP.o(.data)
    Page_64k_Device_RW                       0x80200030   Data           4  mmu_VE_A9_MP.o(.data)
    .data                                    0x80200034   Section        4  system_VE_A9_MP.o(.data)
    .data                                    0x80200038   Section        2  HAL_CA9.o(.data)
    priority                                 0x80200038   Data           1  HAL_CA9.o(.data)
    .data                                    0x8020003c   Section        8  HAL_CA.o(.data)
    priority                                 0x8020003c   Data           1  HAL_CA.o(.data)
    .data                                    0x80200044   Section        8  rt_CMSIS.o(.data)
    .data                                    0x8020004c   Section        4  rt_Time.o(.data)
    .data                                    0x80200050   Section       11  rt_System.o(.data)
    priority                                 0x80200050   Data           1  rt_System.o(.data)
    os_lock                                  0x80200059   Data           1  rt_System.o(.data)
    os_psh_flag                              0x8020005a   Data           1  rt_System.o(.data)
    .data                                    0x8020005c   Section       12  rt_Task.o(.data)
    priority                                 0x8020005c   Data           1  rt_Task.o(.data)
    .data                                    0x80200068   Section       12  rt_Robin.o(.data)
    priority                                 0x80200068   Data           1  rt_Robin.o(.data)
    .data                                    0x80200074   Section        4  stdout.o(.data)
    .bss                                     0x80300000   Section       16  RTX_Conf_CM.o(.bss)
    .bss                                     0x80300010   Section      324  RTX_Conf_CM.o(.bss)
    .bss                                     0x80300158   Section     4816  RTX_Conf_CM.o(.bss)
    .bss                                     0x80301428   Section      824  RTX_Conf_CM.o(.bss)
    .bss                                     0x80301760   Section      132  RTX_Conf_CM.o(.bss)
    .bss                                     0x803017e4   Section       24  RTX_Conf_CM.o(.bss)
    .bss                                     0x803017fc   Section      164  system_VE_A9_MP.o(.bss)
    .bss                                     0x803018a0   Section       48  rt_List.o(.bss)
    .bss                                     0x803018d0   Section       52  rt_Task.o(.bss)
    STACK                                    0x80301908   Section     1280  startup_VE_A9_MP.o(STACK)
    Stack_Top                                0x80301e08   Data           0  startup_VE_A9_MP.o(STACK)

    Global Symbols

    Symbol Name                              Value     Ov Type        Size  Object(Section)

    BuildAttributes$$THM_ISAv4$ARM_ISAv7$X$E$P$J$Z$N$K$B$S$VFPv3$PE$PLD4$MPE$A:L22UL41UL21$X:L11$S22US41US21$IEEE1$IW$USESV6$~STKCKD$USESV7$~SHL$OTIME$ROPI$EBA8$MICROLIB$THUMB2LIB$REQ8$PRES8$EABIv2 0x00000000   Number         0  anon$$obj.o ABSOLUTE
    __ARM_use_no_argv                        0x00000000   Number         0  NEON.o ABSOLUTE
    _printf_a                                0x00000000   Number         0  stubs.o ABSOLUTE
    _printf_c                                0x00000000   Number         0  stubs.o ABSOLUTE
    _printf_charcount                        0x00000000   Number         0  stubs.o ABSOLUTE
    _printf_d                                0x00000000   Number         0  stubs.o ABSOLUTE
    _printf_e                                0x00000000   Number         0  stubs.o ABSOLUTE
    _printf_f                                0x00000000   Number         0  stubs.o ABSOLUTE
    _printf_flags                            0x00000000   Number         0  stubs.o ABSOLUTE
    _printf_fp_dec                           0x00000000   Number         0  stubs.o ABSOLUTE
    _printf_fp_hex                           0x00000000   Number         0  stubs.o ABSOLUTE
    _printf_g                                0x00000000   Number         0  stubs.o ABSOLUTE
    _printf_i                                0x00000000   Number         0  stubs.o ABSOLUTE
    _printf_int_dec                          0x00000000   Number         0  stubs.o ABSOLUTE
    _printf_l                                0x00000000   Number         0  stubs.o ABSOLUTE
    _printf_lc                               0x00000000   Number         0  stubs.o ABSOLUTE
    _printf_ll                               0x00000000   Number         0  stubs.o ABSOLUTE
    _printf_lld                              0x00000000   Number         0  stubs.o ABSOLUTE
    _printf_lli                              0x00000000   Number         0  stubs.o ABSOLUTE
    _printf_llo                              0x00000000   Number         0  stubs.o ABSOLUTE
    _printf_llu                              0x00000000   Number         0  stubs.o ABSOLUTE
    _printf_llx                              0x00000000   Number         0  stubs.o ABSOLUTE
    _printf_longlong_dec                     0x00000000   Number         0  stubs.o ABSOLUTE
    _printf_longlong_hex                     0x00000000   Number         0  stubs.o ABSOLUTE
    _printf_longlong_oct                     0x00000000   Number         0  stubs.o ABSOLUTE
    _printf_ls                               0x00000000   Number         0  stubs.o ABSOLUTE
    _printf_mbtowc                           0x00000000   Number         0  stubs.o ABSOLUTE
    _printf_n                                0x00000000   Number         0  stubs.o ABSOLUTE
    _printf_o                                0x00000000   Number         0  stubs.o ABSOLUTE
    _printf_p                                0x00000000   Number         0  stubs.o ABSOLUTE
    _printf_percent                          0x00000000   Number         0  stubs.o ABSOLUTE
    _printf_pre_padding                      0x00000000   Number         0  stubs.o ABSOLUTE
    _printf_return_value                     0x00000000   Number         0  stubs.o ABSOLUTE
    _printf_s                                0x00000000   Number         0  stubs.o ABSOLUTE
    _printf_sizespec                         0x00000000   Number         0  stubs.o ABSOLUTE
    _printf_str                              0x00000000   Number         0  stubs.o ABSOLUTE
    _printf_truncate_signed                  0x00000000   Number         0  stubs.o ABSOLUTE
    _printf_truncate_unsigned                0x00000000   Number         0  stubs.o ABSOLUTE
    _printf_u                                0x00000000   Number         0  stubs.o ABSOLUTE
    _printf_wc                               0x00000000   Number         0  stubs.o ABSOLUTE
    _printf_wctomb                           0x00000000   Number         0  stubs.o ABSOLUTE
    _printf_widthprec                        0x00000000   Number         0  stubs.o ABSOLUTE
    _printf_x                                0x00000000   Number         0  stubs.o ABSOLUTE
    __cpp_initialize__aeabi_                  - Undefined Weak Reference
    __cxa_finalize                            - Undefined Weak Reference
    __decompress                              - Undefined Weak Reference
    _clock_init                               - Undefined Weak Reference
    _microlib_exit                            - Undefined Weak Reference
    __Vectors_Size                           0x00000020   Number         0  startup_VE_A9_MP.o ABSOLUTE
    __RL_RTX_VER                             0x00000482   Number         0  rt_System.o ABSOLUTE
    Image$$VECTORS$$Base                     0x80000000   Number         0  anon$$obj.o ABSOLUTE
    __Vectors                                0x80000000   ARM Code       4  startup_VE_A9_MP.o(RESET)
    __Vectors_End                            0x80000020   Data           0  startup_VE_A9_MP.o(RESET)
    __main                                   0x8000003c   ARM Code       0  entry.o(.ARM.Collect$$$$00000000)
    _main_stk                                0x8000003c   ARM Code       0  entry2.o(.ARM.Collect$$$$00000001)
    _main_scatterload                        0x80000040   ARM Code       0  entry5.o(.ARM.Collect$$$$00000004)
    __main_after_scatterload                 0x80000044   ARM Code       0  entry5.o(.ARM.Collect$$$$00000004)
    __rt_final_cpp                           0x80000044   ARM Code       0  entry10a.o(.ARM.Collect$$$$0000000D)
    __rt_final_exit                          0x80000044   ARM Code       0  entry11a.o(.ARM.Collect$$$$0000000F)
    _main_clock                              0x80000044   ARM Code       0  entry7b.o(.ARM.Collect$$$$00000008)
    _main_cpp_init                           0x80000044   ARM Code       0  entry8b.o(.ARM.Collect$$$$0000000A)
    _main_init                               0x80000044   ARM Code      24  RTX_Conf_CM.o(.ARM.Collect$$$$000000FF)
    __asm___17_system_VE_A9_MP_c___SVC_1____set_PSP 0x80000064   ARM Code      28  system_VE_A9_MP.o(.emb_text)
    __asm___17_system_VE_A9_MP_c___SVC_1____set_CPS_USR 0x80000080   ARM Code       8  system_VE_A9_MP.o(.emb_text)
    __asm___17_system_VE_A9_MP_c___SVC_1____v7_all_cache 0x80000088   ARM Code     172  system_VE_A9_MP.o(.emb_text)
    FPUEnable                                0x80000134   ARM Code     180  system_VE_A9_MP.o(.emb_text)
    __asm___9_HAL_CA9_c_7784c55f____set_PSP  0x800001ec   ARM Code      28  HAL_CA9.o(.emb_text)
    __asm___9_HAL_CA9_c_7784c55f____set_CPS_USR 0x80000208   ARM Code       8  HAL_CA9.o(.emb_text)
    __asm___9_HAL_CA9_c_7784c55f____v7_all_cache 0x80000210   ARM Code     172  HAL_CA9.o(.emb_text)
    rt_set_PSP                               0x800002bc   ARM Code      28  HAL_CA9.o(.emb_text)
    rt_get_PSP                               0x800002d8   ARM Code      28  HAL_CA9.o(.emb_text)
    _alloc_box                               0x800002f4   ARM Code      24  HAL_CA9.o(.emb_text)
    _free_box                                0x80000310   ARM Code      24  HAL_CA9.o(.emb_text)
    SVC_Handler                              0x8000032c   ARM Code     656  HAL_CA9.o(.emb_text)
    PendSV_Handler                           0x800005cc   ARM Code      88  HAL_CA9.o(.emb_text)
    OS_Tick_Handler                          0x80000630   ARM Code      92  HAL_CA9.o(.emb_text)
    __asm___10_rt_CMSIS_c_8216d75d____set_PSP 0x8000068c   ARM Code      28  rt_CMSIS.o(.emb_text)
    __asm___10_rt_CMSIS_c_8216d75d____set_CPS_USR 0x800006a8   ARM Code       8  rt_CMSIS.o(.emb_text)
    __asm___10_rt_CMSIS_c_8216d75d____v7_all_cache 0x800006b0   ARM Code     172  rt_CMSIS.o(.emb_text)
    Reset_Handler                            0x8000075c   ARM Code     384  startup_VE_A9_MP.o(.text)
    Undef_Handler                            0x800008dc   ARM Code     116  startup_VE_A9_MP.o(.text)
    PAbt_Handler                             0x80000950   ARM Code      56  startup_VE_A9_MP.o(.text)
    DAbt_Handler                             0x80000988   ARM Code      60  startup_VE_A9_MP.o(.text)
    FIQ_Handler                              0x800009c4   ARM Code       4  startup_VE_A9_MP.o(.text)
    IRQ_Handler                              0x800009cc   ARM Code     244  startup_VE_A9_MP.o(.text)
    convert                                  0x80000ae9   Thumb Code    64  NEON.o(.text)
    $Super$$main                             0x80000b29   Thumb Code   126  NEON.o(.text)
    os_idle_demon                            0x80000bb9   Thumb Code     2  RTX_Conf_CM.o(.text)
    os_tick_init                             0x80000bbb   Thumb Code    22  RTX_Conf_CM.o(.text)
    os_tick_val                              0x80000bd1   Thumb Code     6  RTX_Conf_CM.o(.text)
    os_tick_ovf                              0x80000bd7   Thumb Code     4  RTX_Conf_CM.o(.text)
    os_tick_irqack                           0x80000bdb   Thumb Code     8  RTX_Conf_CM.o(.text)
    os_error                                 0x80000be3   Thumb Code     2  RTX_Conf_CM.o(.text)
    GIC_EnableDistributor                    0x80000bf5   Thumb Code    12  gic.o(.text)
    GIC_DisableDistributor                   0x80000c01   Thumb Code    12  gic.o(.text)
    GIC_DistributorInfo                      0x80000c0d   Thumb Code     6  gic.o(.text)
    GIC_DistributorImplementer               0x80000c13   Thumb Code     6  gic.o(.text)
    GIC_SetTarget                            0x80000c19   Thumb Code    24  gic.o(.text)
    GIC_SetICDICFR                           0x80000c31   Thumb Code    50  gic.o(.text)
    GIC_GetTarget                            0x80000c63   Thumb Code    24  gic.o(.text)
    GIC_EnableInterface                      0x80000c7b   Thumb Code    18  gic.o(.text)
    GIC_DisableInterface                     0x80000c8d   Thumb Code    18  gic.o(.text)
    GIC_AcknowledgePending                   0x80000c9f   Thumb Code    12  gic.o(.text)
    GIC_EndInterrupt                         0x80000cab   Thumb Code    10  gic.o(.text)
    GIC_EnableIRQ                            0x80000cb5   Thumb Code    28  gic.o(.text)
    GIC_DisableIRQ                           0x80000cd1   Thumb Code    28  gic.o(.text)
    GIC_SetPendingIRQ                        0x80000ced   Thumb Code    28  gic.o(.text)
    GIC_ClearPendingIRQ                      0x80000d09   Thumb Code    28  gic.o(.text)
    GIC_SetLevelModel                        0x80000d25   Thumb Code    50  gic.o(.text)
    GIC_SetPriority                          0x80000d57   Thumb Code    20  gic.o(.text)
    GIC_GetPriority                          0x80000d6b   Thumb Code    20  gic.o(.text)
    GIC_InterfacePriorityMask                0x80000d7f   Thumb Code    12  gic.o(.text)
    GIC_SetBinaryPoint                       0x80000d8b   Thumb Code    14  gic.o(.text)
    GIC_GetBinaryPoint                       0x80000d99   Thumb Code    10  gic.o(.text)
    GIC_GetIRQStatus                         0x80000da3   Thumb Code    44  gic.o(.text)
    GIC_SendSGI                              0x80000dcf   Thumb Code    22  gic.o(.text)
    GIC_DistInit                             0x80000de5   Thumb Code   152  gic.o(.text)
    GIC_CPUInterfaceInit                     0x80000e7d   Thumb Code   158  gic.o(.text)
    GIC_Enable                               0x80000f1b   Thumb Code    14  gic.o(.text)
    create_translation_table                 0x80001131   Thumb Code   888  mmu_VE_A9_MP.o(.text)
    __SVC_1                                  0x80001718   ARM Code      16  system_VE_A9_MP.o(.text)
    InterruptHandlerRegister                 0x80001729   Thumb Code    22  system_VE_A9_MP.o(.text)
    InterruptHandlerUnregister               0x80001741   Thumb Code    24  system_VE_A9_MP.o(.text)
    SystemInit                               0x80001759   Thumb Code     4  system_VE_A9_MP.o(.text)
    main                                     0x8000175d   Thumb Code    34  system_VE_A9_MP.o(.text)
    CDAbtHandler                             0x80001781   Thumb Code    56  system_VE_A9_MP.o(.text)
    CPAbtHandler                             0x800017b9   Thumb Code    56  system_VE_A9_MP.o(.text)
    CUndefHandler                            0x800017f1   Thumb Code   104  system_VE_A9_MP.o(.text)
    __aeabi_uidiv                            0x8000188d   Thumb Code     0  uidiv.o(.text)
    __aeabi_uidivmod                         0x8000188d   Thumb Code    44  uidiv.o(.text)
    __scatterload                            0x800018b9   Thumb Code    28  init.o(.text)
    __scatterload_rt2                        0x800018b9   Thumb Code     0  init.o(.text)
    SVC_Count                                0x800018dc   Data           4  SVC_Table.o(SVC_TABLE)
    __I$use$semihosting$fputc                0x800018dd   Thumb Code     0  iusesemip.o(.text)
    __semihosting_library_function           0x800018dd   Thumb Code     0  semi.o(.text)
    SVC_Table                                0x800018e0   Data           0  SVC_Table.o(SVC_TABLE)
    __0printf$1                              0x800018ed   Thumb Code    22  printf1.o(i.__0printf$1)
    __1printf$1                              0x800018ed   Thumb Code     0  printf1.o(i.__0printf$1)
    __2printf                                0x800018ed   Thumb Code     0  printf1.o(i.__0printf$1)
    __scatterload_copy                       0x80001949   Thumb Code    14  handlers.o(i.__scatterload_copy)
    __scatterload_null                       0x80001957   Thumb Code     2  handlers.o(i.__scatterload_null)
    __scatterload_zeroinit                   0x80001959   Thumb Code    14  handlers.o(i.__scatterload_zeroinit)
    _init_box                                0x80001967   Thumb Code    88  rt_MemBox.o(i._init_box)
    fputc                                    0x80001b15   Thumb Code    18  fputc.o(i.fputc)
    isrMessagePut                            0x80001b27   Thumb Code    50  rt_CMSIS.o(i.isrMessagePut)
    isr_mbx_send                             0x80001b59   Thumb Code    22  rt_Mailbox.o(i.isr_mbx_send)
    osKernelInitialize                       0x80001b71   Thumb Code    38  rt_CMSIS.o(i.osKernelInitialize)
    osKernelStart                            0x80001b9d   Thumb Code    68  rt_CMSIS.o(i.osKernelStart)
    osThreadCreate                           0x80001be9   Thumb Code    56  rt_CMSIS.o(i.osThreadCreate)
    osThreadExit                             0x80001c29   Thumb Code    22  rt_CMSIS.o(i.osThreadExit)
    rt_alloc_box                             0x80001c49   Thumb Code    30  rt_MemBox.o(i.rt_alloc_box)
    rt_alloc_mem                             0x80001c67   Thumb Code    86  rt_Memory.o(i.rt_alloc_mem)
    rt_chk_robin                             0x80001cbd   Thumb Code    76  rt_Robin.o(i.rt_chk_robin)
    rt_dec_dly                               0x80001d15   Thumb Code   130  rt_List.o(i.rt_dec_dly)
    rt_dispatch                              0x80001da5   Thumb Code    72  rt_Task.o(i.rt_dispatch)
    rt_evt_psh                               0x80001df5   Thumb Code    88  rt_Event.o(i.rt_evt_psh)
    rt_free_box                              0x80001e51   Thumb Code    62  rt_MemBox.o(i.rt_free_box)
    rt_free_mem                              0x80001e8f   Thumb Code    54  rt_Memory.o(i.rt_free_mem)
    rt_get_first                             0x80001eed   Thumb Code    50  rt_List.o(i.rt_get_first)
    rt_init_mem                              0x80001f69   Thumb Code    36  rt_Memory.o(i.rt_init_mem)
    rt_init_robin                            0x80001f8d   Thumb Code    14  rt_Robin.o(i.rt_init_robin)
    rt_init_stack                            0x80001fa5   Thumb Code   178  HAL_CA.o(i.rt_init_stack)
    rt_mbx_check                             0x80002069   Thumb Code    12  rt_Mailbox.o(i.rt_mbx_check)
    rt_mbx_init                              0x80002075   Thumb Code    34  rt_Mailbox.o(i.rt_mbx_init)
    rt_mbx_psh                               0x80002099   Thumb Code   284  rt_Mailbox.o(i.rt_mbx_psh)
    rt_pop_req                               0x800021b9   Thumb Code   154  rt_System.o(i.rt_pop_req)
    rt_psh_req                               0x80002261   Thumb Code    28  rt_System.o(i.rt_psh_req)
    rt_psq_enq                               0x80002289   Thumb Code   120  rt_List.o(i.rt_psq_enq)
    rt_put_prio                              0x80002305   Thumb Code    64  rt_List.o(i.rt_put_prio)
    rt_put_rdy_first                         0x80002345   Thumb Code    16  rt_List.o(i.rt_put_rdy_first)
    rt_resort_prio                           0x80002359   Thumb Code    48  rt_List.o(i.rt_resort_prio)
    rt_ret_val                               0x800023b7   Thumb Code    18  HAL_CA.o(i.rt_ret_val)
    rt_ret_val2                              0x800023c9   Thumb Code    26  HAL_CA.o(i.rt_ret_val2)
    rt_rmv_dly                               0x800023e3   Thumb Code    40  rt_List.o(i.rt_rmv_dly)
    rt_rmv_list                              0x8000240d   Thumb Code    48  rt_List.o(i.rt_rmv_list)
    rt_sem_psh                               0x80002441   Thumb Code    68  rt_Semaphore.o(i.rt_sem_psh)
    rt_stk_check                             0x80002489   Thumb Code    40  rt_System.o(i.rt_stk_check)
    rt_switch_req                            0x800024b9   Thumb Code    10  rt_Task.o(i.rt_switch_req)
    rt_sys_init                              0x800024c9   Thumb Code   146  rt_Task.o(i.rt_sys_init)
    rt_sys_start                             0x8000259d   Thumb Code   122  rt_Task.o(i.rt_sys_start)
    rt_systick                               0x80002621   Thumb Code    56  rt_System.o(i.rt_systick)
    rt_time_get                              0x80002685   Thumb Code     6  rt_Time.o(i.rt_time_get)
    rt_tsk_create                            0x800026d1   Thumb Code    90  rt_Task.o(i.rt_tsk_create)
    rt_tsk_delete                            0x80002735   Thumb Code   380  rt_Task.o(i.rt_tsk_delete)
    rt_tsk_lock                              0x800028c9   Thumb Code   170  rt_System.o(i.rt_tsk_lock)
    rt_tsk_prio                              0x80002985   Thumb Code   138  rt_Task.o(i.rt_tsk_prio)
    rt_tsk_self                              0x80002a21   Thumb Code    18  rt_Task.o(i.rt_tsk_self)
    rt_tsk_unlock                            0x80002a39   Thumb Code   124  rt_System.o(i.rt_tsk_unlock)
    svcKernelInitialize                      0x80002acd   Thumb Code   102  rt_CMSIS.o(i.svcKernelInitialize)
    svcKernelStart                           0x80002b59   Thumb Code    70  rt_CMSIS.o(i.svcKernelStart)
    svcMessageCreate                         0x80002ba9   Thumb Code    60  rt_CMSIS.o(i.svcMessageCreate)
    svcThreadCreate                          0x80002be5   Thumb Code   130  rt_CMSIS.o(i.svcThreadCreate)
    svcThreadGetId                           0x80002c75   Thumb Code    24  rt_CMSIS.o(i.svcThreadGetId)
    svcThreadTerminate                       0x80002c91   Thumb Code    64  rt_CMSIS.o(i.svcThreadTerminate)
    sysTimerTick                             0x80002cd9   Thumb Code    80  rt_CMSIS.o(i.sysTimerTick)
    os_maxtaskrun                            0x80002d30   Data           2  RTX_Conf_CM.o(.constdata)
    os_stackinfo                             0x80002d34   Data           4  RTX_Conf_CM.o(.constdata)
    os_rrobin                                0x80002d38   Data           4  RTX_Conf_CM.o(.constdata)
    os_flags                                 0x80002d3c   Data           1  RTX_Conf_CM.o(.constdata)
    CMSIS_RTOS_API_Version                   0x80002d40   Data           4  RTX_Conf_CM.o(.constdata)
    CMSIS_RTOS_RTX_Version                   0x80002d44   Data           4  RTX_Conf_CM.o(.constdata)
    os_clockrate                             0x80002d48   Data           4  RTX_Conf_CM.o(.constdata)
    os_timernum                              0x80002d4c   Data           4  RTX_Conf_CM.o(.constdata)
    os_thread_def_main                       0x80002d50   Data          16  RTX_Conf_CM.o(.constdata)
    mp_tcb_size                              0x80002d60   Data           2  RTX_Conf_CM.o(.constdata)
    mp_stk_size                              0x80002d64   Data           4  RTX_Conf_CM.o(.constdata)
    os_stack_sz                              0x80002d68   Data           4  RTX_Conf_CM.o(.constdata)
    os_fifo_size                             0x80002d6c   Data           1  RTX_Conf_CM.o(.constdata)
    os_thread_def_osTimerThread              0x80002d70   Data          16  RTX_Conf_CM.o(.constdata)
    os_messageQ_def_osTimerMessageQ          0x80002d80   Data           8  RTX_Conf_CM.o(.constdata)
    mp_tmr_size                              0x80002d88   Data           2  RTX_Conf_CM.o(.constdata)
    GICDistributor_BASE                      0x80002d8c   Data           4  gic.o(.constdata)
    GICInterface_BASE                        0x80002d90   Data           4  gic.o(.constdata)
    Region$$Table$$Base                      0x80002d94   Number         0  anon$$obj.o(Region$$Table)
    Region$$Table$$Limit                     0x80002db4   Number         0  anon$$obj.o(Region$$Table)
    Image$$RW_DATA$$Base                     0x80200000   Number         0  anon$$obj.o ABSOLUTE
    m_tmr                                    0x80200000   Data           4  RTX_Conf_CM.o(.data)
    osThreadId_osTimerThread                 0x80200004   Data           4  RTX_Conf_CM.o(.data)
    osMessageQId_osTimerMessageQ             0x80200008   Data           4  RTX_Conf_CM.o(.data)
    IRQCount                                 0x80200034   Data           4  system_VE_A9_MP.o(.data)
    seen_id0_active                          0x80200039   Data           1  HAL_CA9.o(.data)
    IRQNestLevel                             0x80200040   Data           4  HAL_CA.o(.data)
    os_initialized                           0x80200044   Data           1  rt_CMSIS.o(.data)
    os_running                               0x80200045   Data           1  rt_CMSIS.o(.data)
    os_timer_head                            0x80200048   Data           4  rt_CMSIS.o(.data)
    os_time                                  0x8020004c   Data           4  rt_Time.o(.data)
    os_tick_irqn                             0x80200054   Data           4  rt_System.o(.data)
    scheduler_suspended                      0x80200058   Data           1  rt_System.o(.data)
    os_tsk                                   0x80200060   Data           8  rt_Task.o(.data)
    os_robin                                 0x8020006c   Data           8  rt_Robin.o(.data)
    __stdout                                 0x80200074   Data           4  stdout.o(.data)
    Image$$ZI_DATA$$Base                     0x80300000   Number         0  anon$$obj.o ABSOLUTE
    os_messageQ_q_osTimerMessageQ            0x80300000   Data          16  RTX_Conf_CM.o(.bss)
    mp_tcb                                   0x80300010   Data         324  RTX_Conf_CM.o(.bss)
    mp_stk                                   0x80300158   Data        4816  RTX_Conf_CM.o(.bss)
    os_stack_mem                             0x80301428   Data         824  RTX_Conf_CM.o(.bss)
    os_fifo                                  0x80301760   Data         132  RTX_Conf_CM.o(.bss)
    os_active_TCB                            0x803017e4   Data          24  RTX_Conf_CM.o(.bss)
    IRQTable                                 0x803017fc   Data         164  system_VE_A9_MP.o(.bss)
    os_rdy                                   0x803018a0   Data          24  rt_List.o(.bss)
    os_dly                                   0x803018b8   Data          24  rt_List.o(.bss)
    os_idle_TCB                              0x803018d0   Data          52  rt_Task.o(.bss)
    __initial_sp                             0x80301a08   Data        1024  startup_VE_A9_MP.o(STACK)
    Image$$TTB$$ZI$$Base                     0x80500000   Number         0  anon$$obj.o ABSOLUTE



==============================================================================

Memory Map of the image

  Image Entry point : 0x80000000

  Load Region SDRAM (Base: 0x80000000, Size: 0x00002e2c, Max: 0x40000000, ABSOLUTE)

    Execution Region VECTORS (Base: 0x80000000, Size: 0x00002db4, Max: 0x00200000, ABSOLUTE)

    Base Addr    Size         Type   Attr      Idx    E Section Name        Object

    0x80000000   0x0000003c   Code   RO            6  * RESET               startup_VE_A9_MP.o
    0x8000003c   0x00000000   Code   RO         1699  * .ARM.Collect$$$$00000000  mc_2.l(entry.o)
    0x8000003c   0x00000004   Code   RO         1967    .ARM.Collect$$$$00000001  mc_2.l(entry2.o)
    0x80000040   0x00000004   Code   RO         1970    .ARM.Collect$$$$00000004  mc_2.l(entry5.o)
    0x80000044   0x00000000   Code   RO         1972    .ARM.Collect$$$$00000008  mc_2.l(entry7b.o)
    0x80000044   0x00000000   Code   RO         1974    .ARM.Collect$$$$0000000A  mc_2.l(entry8b.o)
    0x80000044   0x00000000   Code   RO         1975    .ARM.Collect$$$$0000000D  mc_2.l(entry10a.o)
    0x80000044   0x00000000   Code   RO         1977    .ARM.Collect$$$$0000000F  mc_2.l(entry11a.o)
    0x80000044   0x0000001c   Code   RO           48    .ARM.Collect$$$$000000FF  RTX_Conf_CM.o
    0x80000060   0x00000004   Code   RO         1968    .ARM.Collect$$$$00002712  mc_2.l(entry2.o)
    0x80000064   0x00000188   Code   RO          235    .emb_text           system_VE_A9_MP.o
    0x800001ec   0x000004a0   Code   RO          277    .emb_text           RTX_CA9_L.lib(HAL_CA9.o)
    0x8000068c   0x000000d0   Code   RO          387    .emb_text           RTX_CA9_L.lib(rt_CMSIS.o)
    0x8000075c   0x0000038c   Code   RO            7    .text               startup_VE_A9_MP.o
    0x80000ae8   0x000000d0   Code   RO           15    .text               NEON.o
    0x80000bb8   0x0000003c   Code   RO           49    .text               RTX_Conf_CM.o
    0x80000bf4   0x00000344   Code   RO          107    .text               gic.o
    0x80000f38   0x000007e0   Code   RO          170    .text               mmu_VE_A9_MP.o
    0x80001718   0x00000010   Code   RO          236    .text               system_VE_A9_MP.o
    0x80001728   0x00000164   Code   RO          237    .text               system_VE_A9_MP.o
    0x8000188c   0x0000002c   Code   RO         1702    .text               mc_2.l(uidiv.o)
    0x800018b8   0x00000024   Code   RO         1997    .text               mc_2.l(init.o)
    0x800018dc   0x00000000   Code   RO         1999    .text               mc_2.l(semi.o)
    0x800018dc   0x00000000   Code   RO         2002    .text               mc_2.l(iusesemip.o)
    0x800018dc   0x00000008   Code   RO         1049    SVC_TABLE           RTX_CA9_L.lib(SVC_Table.o)
    0x800018e4   0x00000008   Ven    RO         2013    Veneer$$Code        anon$$obj.o
    0x800018ec   0x00000020   Code   RO         1751    i.__0printf$1       mc_2.l(printf1.o)
    0x8000190c   0x00000030   Code   RO          388    i.__exceptional_mode  RTX_CA9_L.lib(rt_CMSIS.o)
    0x8000193c   0x0000000c   Code   RO          389    i.__get_mode        RTX_CA9_L.lib(rt_CMSIS.o)
    0x80001948   0x0000000e   Code   RO         2007    i.__scatterload_copy  mc_2.l(handlers.o)
    0x80001956   0x00000002   Code   RO         2008    i.__scatterload_null  mc_2.l(handlers.o)
    0x80001958   0x0000000e   Code   RO         2009    i.__scatterload_zeroinit  mc_2.l(handlers.o)
    0x80001966   0x00000058   Code   RO         1276    i._init_box         RTX_CA9_L.lib(rt_MemBox.o)
    0x800019be   0x00000002   PAD
    0x800019c0   0x00000154   Code   RO         1758    i._printf_core      mc_2.l(printf1.o)
    0x80001b14   0x00000012   Code   RO         1979    i.fputc             mc_2.l(fputc.o)
    0x80001b26   0x00000032   Code   RO          391    i.isrMessagePut     RTX_CA9_L.lib(rt_CMSIS.o)
    0x80001b58   0x00000016   Code   RO         1210    i.isr_mbx_send      RTX_CA9_L.lib(rt_Mailbox.o)
    0x80001b6e   0x00000002   PAD
    0x80001b70   0x0000002c   Code   RO          395    i.osKernelInitialize  RTX_CA9_L.lib(rt_CMSIS.o)
    0x80001b9c   0x0000004c   Code   RO          397    i.osKernelStart     RTX_CA9_L.lib(rt_CMSIS.o)
    0x80001be8   0x00000040   Code   RO          423    i.osThreadCreate    RTX_CA9_L.lib(rt_CMSIS.o)
    0x80001c28   0x00000020   Code   RO          424    i.osThreadExit      RTX_CA9_L.lib(rt_CMSIS.o)
    0x80001c48   0x0000001e   Code   RO         1277    i.rt_alloc_box      RTX_CA9_L.lib(rt_MemBox.o)
    0x80001c66   0x00000056   Code   RO         1319    i.rt_alloc_mem      RTX_CA9_L.lib(rt_Memory.o)
    0x80001cbc   0x00000058   Code   RO         1666    i.rt_chk_robin      RTX_CA9_L.lib(rt_Robin.o)
    0x80001d14   0x00000090   Code   RO         1116    i.rt_dec_dly        RTX_CA9_L.lib(rt_List.o)
    0x80001da4   0x00000050   Code   RO         1564    i.rt_dispatch       RTX_CA9_L.lib(rt_Task.o)
    0x80001df4   0x0000005c   Code   RO         1059    i.rt_evt_psh        RTX_CA9_L.lib(rt_Event.o)
    0x80001e50   0x0000003e   Code   RO         1278    i.rt_free_box       RTX_CA9_L.lib(rt_MemBox.o)
    0x80001e8e   0x00000036   Code   RO         1320    i.rt_free_mem       RTX_CA9_L.lib(rt_Memory.o)
    0x80001ec4   0x00000028   Code   RO         1565    i.rt_get_TID        RTX_CA9_L.lib(rt_Task.o)
    0x80001eec   0x00000032   Code   RO         1117    i.rt_get_first      RTX_CA9_L.lib(rt_List.o)
    0x80001f1e   0x00000002   PAD
    0x80001f20   0x00000048   Code   RO         1566    i.rt_init_context   RTX_CA9_L.lib(rt_Task.o)
    0x80001f68   0x00000024   Code   RO         1321    i.rt_init_mem       RTX_CA9_L.lib(rt_Memory.o)
    0x80001f8c   0x00000018   Code   RO         1667    i.rt_init_robin     RTX_CA9_L.lib(rt_Robin.o)
    0x80001fa4   0x000000c4   Code   RO          329    i.rt_init_stack     RTX_CA9_L.lib(HAL_CA.o)
    0x80002068   0x0000000c   Code   RO         1211    i.rt_mbx_check      RTX_CA9_L.lib(rt_Mailbox.o)
    0x80002074   0x00000022   Code   RO         1212    i.rt_mbx_init       RTX_CA9_L.lib(rt_Mailbox.o)
    0x80002096   0x00000002   PAD
    0x80002098   0x00000120   Code   RO         1213    i.rt_mbx_psh        RTX_CA9_L.lib(rt_Mailbox.o)
    0x800021b8   0x000000a8   Code   RO         1459    i.rt_pop_req        RTX_CA9_L.lib(rt_System.o)
    0x80002260   0x00000028   Code   RO         1460    i.rt_psh_req        RTX_CA9_L.lib(rt_System.o)
    0x80002288   0x0000007c   Code   RO         1119    i.rt_psq_enq        RTX_CA9_L.lib(rt_List.o)
    0x80002304   0x00000040   Code   RO         1121    i.rt_put_prio       RTX_CA9_L.lib(rt_List.o)
    0x80002344   0x00000014   Code   RO         1122    i.rt_put_rdy_first  RTX_CA9_L.lib(rt_List.o)
    0x80002358   0x00000034   Code   RO         1123    i.rt_resort_prio    RTX_CA9_L.lib(rt_List.o)
    0x8000238c   0x0000002a   Code   RO          330    i.rt_ret_regs       RTX_CA9_L.lib(HAL_CA.o)
    0x800023b6   0x00000012   Code   RO          331    i.rt_ret_val        RTX_CA9_L.lib(HAL_CA.o)
    0x800023c8   0x0000001a   Code   RO          332    i.rt_ret_val2       RTX_CA9_L.lib(HAL_CA.o)
    0x800023e2   0x00000028   Code   RO         1124    i.rt_rmv_dly        RTX_CA9_L.lib(rt_List.o)
    0x8000240a   0x00000002   PAD
    0x8000240c   0x00000034   Code   RO         1125    i.rt_rmv_list       RTX_CA9_L.lib(rt_List.o)
    0x80002440   0x00000048   Code   RO         1398    i.rt_sem_psh        RTX_CA9_L.lib(rt_Semaphore.o)
    0x80002488   0x00000030   Code   RO         1462    i.rt_stk_check      RTX_CA9_L.lib(rt_System.o)
    0x800024b8   0x00000010   Code   RO         1567    i.rt_switch_req     RTX_CA9_L.lib(rt_Task.o)
    0x800024c8   0x000000d4   Code   RO         1568    i.rt_sys_init       RTX_CA9_L.lib(rt_Task.o)
    0x8000259c   0x00000084   Code   RO         1569    i.rt_sys_start      RTX_CA9_L.lib(rt_Task.o)
    0x80002620   0x00000044   Code   RO         1464    i.rt_systick        RTX_CA9_L.lib(rt_System.o)
    0x80002664   0x00000020   Code   RO          442    i.rt_tid2ptcb       RTX_CA9_L.lib(rt_CMSIS.o)
    0x80002684   0x0000000c   Code   RO         1019    i.rt_time_get       RTX_CA9_L.lib(rt_Time.o)
    0x80002690   0x00000040   Code   RO          443    i.rt_timer_insert   RTX_CA9_L.lib(rt_CMSIS.o)
    0x800026d0   0x00000064   Code   RO         1570    i.rt_tsk_create     RTX_CA9_L.lib(rt_Task.o)
    0x80002734   0x00000194   Code   RO         1571    i.rt_tsk_delete     RTX_CA9_L.lib(rt_Task.o)
    0x800028c8   0x000000bc   Code   RO         1465    i.rt_tsk_lock       RTX_CA9_L.lib(rt_System.o)
    0x80002984   0x0000009c   Code   RO         1573    i.rt_tsk_prio       RTX_CA9_L.lib(rt_Task.o)
    0x80002a20   0x00000018   Code   RO         1574    i.rt_tsk_self       RTX_CA9_L.lib(rt_Task.o)
    0x80002a38   0x00000094   Code   RO         1466    i.rt_tsk_unlock     RTX_CA9_L.lib(rt_System.o)
    0x80002acc   0x0000008c   Code   RO          446    i.svcKernelInitialize  RTX_CA9_L.lib(rt_CMSIS.o)
    0x80002b58   0x00000050   Code   RO          448    i.svcKernelStart    RTX_CA9_L.lib(rt_CMSIS.o)
    0x80002ba8   0x0000003c   Code   RO          451    i.svcMessageCreate  RTX_CA9_L.lib(rt_CMSIS.o)
    0x80002be4   0x00000090   Code   RO          466    i.svcThreadCreate   RTX_CA9_L.lib(rt_CMSIS.o)
    0x80002c74   0x0000001c   Code   RO          467    i.svcThreadGetId    RTX_CA9_L.lib(rt_CMSIS.o)
    0x80002c90   0x00000044   Code   RO          470    i.svcThreadTerminate  RTX_CA9_L.lib(rt_CMSIS.o)
    0x80002cd4   0x00000002   Code   RO          481    i.sysThreadError    RTX_CA9_L.lib(rt_CMSIS.o)
    0x80002cd6   0x00000002   PAD
    0x80002cd8   0x00000058   Code   RO          482    i.sysTimerTick      RTX_CA9_L.lib(rt_CMSIS.o)
    0x80002d30   0x00000002   Data   RO           56    .constdata          RTX_Conf_CM.o
    0x80002d32   0x00000002   PAD
    0x80002d34   0x00000004   Data   RO           57    .constdata          RTX_Conf_CM.o
    0x80002d38   0x00000004   Data   RO           58    .constdata          RTX_Conf_CM.o
    0x80002d3c   0x00000001   Data   RO           63    .constdata          RTX_Conf_CM.o
    0x80002d3d   0x00000003   PAD
    0x80002d40   0x00000020   Data   RO           64    .constdata          RTX_Conf_CM.o
    0x80002d60   0x00000002   Data   RO           65    .constdata          RTX_Conf_CM.o
    0x80002d62   0x00000002   PAD
    0x80002d64   0x00000004   Data   RO           66    .constdata          RTX_Conf_CM.o
    0x80002d68   0x00000004   Data   RO           67    .constdata          RTX_Conf_CM.o
    0x80002d6c   0x00000001   Data   RO           68    .constdata          RTX_Conf_CM.o
    0x80002d6d   0x00000003   PAD
    0x80002d70   0x00000010   Data   RO           69    .constdata          RTX_Conf_CM.o
    0x80002d80   0x00000008   Data   RO           70    .constdata          RTX_Conf_CM.o
    0x80002d88   0x00000002   Data   RO           71    .constdata          RTX_Conf_CM.o
    0x80002d8a   0x00000002   PAD
    0x80002d8c   0x00000004   Data   RO          108    .constdata          gic.o
    0x80002d90   0x00000004   Data   RO          109    .constdata          gic.o
    0x80002d94   0x00000020   Data   RO         2005    Region$$Table       anon$$obj.o


    Execution Region RW_DATA (Base: 0x80200000, Size: 0x00000078, Max: 0x00100000, ABSOLUTE)

    Base Addr    Size         Type   Attr      Idx    E Section Name        Object

    0x80200000   0x00000004   Data   RW           73    .data               RTX_Conf_CM.o
    0x80200004   0x00000004   Data   RW           74    .data               RTX_Conf_CM.o
    0x80200008   0x00000004   Data   RW           75    .data               RTX_Conf_CM.o
    0x8020000c   0x00000028   Data   RW          171    .data               mmu_VE_A9_MP.o
    0x80200034   0x00000004   Data   RW          239    .data               system_VE_A9_MP.o
    0x80200038   0x00000002   Data   RW          278    .data               RTX_CA9_L.lib(HAL_CA9.o)
    0x8020003a   0x00000002   PAD
    0x8020003c   0x00000008   Data   RW          333    .data               RTX_CA9_L.lib(HAL_CA.o)
    0x80200044   0x00000008   Data   RW          485    .data               RTX_CA9_L.lib(rt_CMSIS.o)
    0x8020004c   0x00000004   Data   RW         1020    .data               RTX_CA9_L.lib(rt_Time.o)
    0x80200050   0x0000000b   Data   RW         1467    .data               RTX_CA9_L.lib(rt_System.o)
    0x8020005b   0x00000001   PAD
    0x8020005c   0x0000000c   Data   RW         1576    .data               RTX_CA9_L.lib(rt_Task.o)
    0x80200068   0x0000000c   Data   RW         1668    .data               RTX_CA9_L.lib(rt_Robin.o)
    0x80200074   0x00000004   Data   RW         1981    .data               mc_2.l(stdout.o)


    Execution Region ZI_DATA (Base: 0x80300000, Size: 0x00001e08, Max: 0x00100000, ABSOLUTE)

    Base Addr    Size         Type   Attr      Idx    E Section Name        Object

    0x80300000   0x00000010   Zero   RW           50    .bss                RTX_Conf_CM.o
    0x80300010   0x00000144   Zero   RW           51    .bss                RTX_Conf_CM.o
    0x80300154   0x00000004   PAD
    0x80300158   0x000012d0   Zero   RW           52    .bss                RTX_Conf_CM.o
    0x80301428   0x00000338   Zero   RW           53    .bss                RTX_Conf_CM.o
    0x80301760   0x00000084   Zero   RW           54    .bss                RTX_Conf_CM.o
    0x803017e4   0x00000018   Zero   RW           55    .bss                RTX_Conf_CM.o
    0x803017fc   0x000000a4   Zero   RW          238    .bss                system_VE_A9_MP.o
    0x803018a0   0x00000030   Zero   RW         1126    .bss                RTX_CA9_L.lib(rt_List.o)
    0x803018d0   0x00000034   Zero   RW         1575    .bss                RTX_CA9_L.lib(rt_Task.o)
    0x80301904   0x00000004   PAD
    0x80301908   0x00000500   Zero   RW            4    STACK               startup_VE_A9_MP.o


    Execution Region TTB (Base: 0x80500000, Size: 0x00004000, Max: 0x00004000, ABSOLUTE)

    Base Addr    Size         Type   Attr      Idx    E Section Name        Object

    0x80500000   0x00004000   Zero   RW            1    TTB.bss             anon$$obj.o


    Execution Region SRC_BUFFER (Base: 0x80600000, Size: 0x000e1000, Max: 0x000e1000, ABSOLUTE)

    Base Addr    Size         Type   Attr      Idx    E Section Name        Object

    0x80600000   0x000e1000   Zero   RW            2    SRC_BUFFER.bss      anon$$obj.o


    Execution Region DST_BUFFER (Base: 0x80700000, Size: 0x000e1000, Max: 0x000e1000, ABSOLUTE)

    Base Addr    Size         Type   Attr      Idx    E Section Name        Object

    0x80700000   0x000e1000   Zero   RW            3    DST_BUFFER.bss      anon$$obj.o


==============================================================================

Image component sizes


      Code (inc. data)   RO Data    RW Data    ZI Data      Debug   Object Name

       208         18          0          0          0       6837   NEON.o
        88         20         80         12       6136       8154   RTX_Conf_CM.o
       836         16          8          0          0      13719   gic.o
      2016        134          0         40          0      13187   mmu_VE_A9_MP.o
       968         68          0          0       1280       1248   startup_VE_A9_MP.o
       764         82          0          4        164       7728   system_VE_A9_MP.o

    ----------------------------------------------------------------------
      4888        342        132         56    1867168      50873   Object Totals
         8          4         32          0    1859584          0   (incl. Generated)
         0          0         12          0          4          0   (incl. Padding)

    ----------------------------------------------------------------------

      Code (inc. data)   RO Data    RW Data    ZI Data      Debug   Library Member Name

       282         18          0          8          0       4718   HAL_CA.o
      1184         36          0          2          0       3450   HAL_CA9.o
         8          8          0          0          0        224   SVC_Table.o
      1240        118          0          8          0      23836   rt_CMSIS.o
        92          4          0          0          0        685   rt_Event.o
       546         30          0          0         48       7738   rt_List.o
       356          4          0          0          0       2581   rt_Mailbox.o
       180          0          0          0          0       2141   rt_MemBox.o
       176          0          0          0          0       2663   rt_Memory.o
       112         22          0         12          0       1274   rt_Robin.o
        72          4          0          0          0        625   rt_Semaphore.o
       660         88          0         11          0       4211   rt_System.o
      1236        160          0         12         52       9308   rt_Task.o
        12          6          0          4          0        712   rt_Time.o
         0          0          0          0          0          0   entry.o
         0          0          0          0          0          0   entry10a.o
         0          0          0          0          0          0   entry11a.o
         8          4          0          0          0          0   entry2.o
         4          0          0          0          0          0   entry5.o
         0          0          0          0          0          0   entry7b.o
         0          0          0          0          0          0   entry8b.o
        18          0          0          0          0         80   fputc.o
        30          0          0          0          0          0   handlers.o
        36          8          0          0          0         68   init.o
         0          0          0          0          0          0   iusesemip.o
       372         14          0          0          0        184   printf1.o
         0          0          0          0          0          0   semi.o
         0          0          0          4          0          0   stdout.o
        44          0          0          0          0         80   uidiv.o

    ----------------------------------------------------------------------
      6680        524          0         64        104      64578   Library Totals
        12          0          0          3          4          0   (incl. Padding)

    ----------------------------------------------------------------------

      Code (inc. data)   RO Data    RW Data    ZI Data      Debug   Library Name

      6156        498          0         57        100      64166   RTX_CA9_L.lib
       512         26          0          4          0        412   mc_2.l

    ----------------------------------------------------------------------
      6680        524          0         64        104      64578   Library Totals

    ----------------------------------------------------------------------

==============================================================================


      Code (inc. data)   RO Data    RW Data    ZI Data      Debug   

     11568        866        132        120    1867272     108707   Grand Totals
     11568        866        132        120    1867272     108707   ELF Image Totals
     11568        866        132        120          0          0   ROM Totals

==============================================================================

    Total RO  Size (Code + RO Data)                11700 (  11.43kB)
    Total RW  Size (RW Data + ZI Data)           1867392 (1823.63kB)
    Total ROM Size (Code + RO Data + RW Data)      11820 (  11.54kB)

==============================================================================

